Archive member included to satisfy reference by file (symbol)

../../external/mbed/Release/NXP_LPC17XX/mbed.a(ticker_api.o)
                              (--whole-archive)
../../external/mbed/Release/NXP_LPC17XX/mbed.a(semihost_api.o)
                              (--whole-archive)
../../external/mbed/Release/NXP_LPC17XX/mbed.a(wait_api.o)
                              (--whole-archive)
../../external/mbed/Release/NXP_LPC17XX/mbed.a(error.o)
                              (--whole-archive)
../../external/mbed/Release/NXP_LPC17XX/mbed.a(board.o)
                              (--whole-archive)
../../external/mbed/Release/NXP_LPC17XX/mbed.a(us_ticker_api.o)
                              (--whole-archive)
../../external/mbed/Release/NXP_LPC17XX/mbed.a(mbed_interface.o)
                              (--whole-archive)
../../external/mbed/Release/NXP_LPC17XX/mbed.a(gpio.o)
                              (--whole-archive)
../../external/mbed/Release/NXP_LPC17XX/mbed.a(pinmap_common.o)
                              (--whole-archive)
../../external/mbed/Release/NXP_LPC17XX/mbed.a(rtc_time.o)
                              (--whole-archive)
../../external/mbed/Release/NXP_LPC17XX/mbed.a(assert.o)
                              (--whole-archive)
../../external/mbed/Release/NXP_LPC17XX/mbed.a(lp_ticker_api.o)
                              (--whole-archive)
../../external/mbed/Release/NXP_LPC17XX/mbed.a(cmsis_nvic.o)
                              (--whole-archive)
../../external/mbed/Release/NXP_LPC17XX/mbed.a(system_LPC17xx.o)
                              (--whole-archive)
../../external/mbed/Release/NXP_LPC17XX/mbed.a(analogout_api.o)
                              (--whole-archive)
../../external/mbed/Release/NXP_LPC17XX/mbed.a(ethernet_api.o)
                              (--whole-archive)
../../external/mbed/Release/NXP_LPC17XX/mbed.a(spi_api.o)
                              (--whole-archive)
../../external/mbed/Release/NXP_LPC17XX/mbed.a(gpio_irq_api.o)
                              (--whole-archive)
../../external/mbed/Release/NXP_LPC17XX/mbed.a(gpio_api.o)
                              (--whole-archive)
../../external/mbed/Release/NXP_LPC17XX/mbed.a(sleep.o)
                              (--whole-archive)
../../external/mbed/Release/NXP_LPC17XX/mbed.a(analogin_api.o)
                              (--whole-archive)
../../external/mbed/Release/NXP_LPC17XX/mbed.a(port_api.o)
                              (--whole-archive)
../../external/mbed/Release/NXP_LPC17XX/mbed.a(can_api.o)
                              (--whole-archive)
../../external/mbed/Release/NXP_LPC17XX/mbed.a(rtc_api.o)
                              (--whole-archive)
../../external/mbed/Release/NXP_LPC17XX/mbed.a(us_ticker.o)
                              (--whole-archive)
../../external/mbed/Release/NXP_LPC17XX/mbed.a(i2c_api.o)
                              (--whole-archive)
../../external/mbed/Release/NXP_LPC17XX/mbed.a(pwmout_api.o)
                              (--whole-archive)
../../external/mbed/Release/NXP_LPC17XX/mbed.a(pinmap.o)
                              (--whole-archive)
../../external/mbed/Release/NXP_LPC17XX/mbed.a(serial_api.o)
                              (--whole-archive)
../../external/mbed/Release/NXP_LPC17XX/mbed.a(Serial.o)
                              (--whole-archive)
../../external/mbed/Release/NXP_LPC17XX/mbed.a(Ticker.o)
                              (--whole-archive)
../../external/mbed/Release/NXP_LPC17XX/mbed.a(CallChain.o)
                              (--whole-archive)
../../external/mbed/Release/NXP_LPC17XX/mbed.a(Timer.o)
                              (--whole-archive)
../../external/mbed/Release/NXP_LPC17XX/mbed.a(retarget.o)
                              (--whole-archive)
../../external/mbed/Release/NXP_LPC17XX/mbed.a(I2CSlave.o)
                              (--whole-archive)
../../external/mbed/Release/NXP_LPC17XX/mbed.a(BusOut.o)
                              (--whole-archive)
../../external/mbed/Release/NXP_LPC17XX/mbed.a(FilePath.o)
                              (--whole-archive)
../../external/mbed/Release/NXP_LPC17XX/mbed.a(Stream.o)
                              (--whole-archive)
../../external/mbed/Release/NXP_LPC17XX/mbed.a(BusInOut.o)
                              (--whole-archive)
../../external/mbed/Release/NXP_LPC17XX/mbed.a(CAN.o)
                              (--whole-archive)
../../external/mbed/Release/NXP_LPC17XX/mbed.a(FileSystemLike.o)
                              (--whole-archive)
../../external/mbed/Release/NXP_LPC17XX/mbed.a(I2C.o)
                              (--whole-archive)
../../external/mbed/Release/NXP_LPC17XX/mbed.a(FileBase.o)
                              (--whole-archive)
../../external/mbed/Release/NXP_LPC17XX/mbed.a(Ethernet.o)
                              (--whole-archive)
../../external/mbed/Release/NXP_LPC17XX/mbed.a(SPISlave.o)
                              (--whole-archive)
../../external/mbed/Release/NXP_LPC17XX/mbed.a(InterruptIn.o)
[...]
Memory Configuration

Name             Origin             Length             Attributes
FLASH            0x00000000         0x00080000         xr
RAM              0x100000c8         0x00007f38         xrw
USB_RAM          0x2007c000         0x00004000         xrw
ETH_RAM          0x20080000         0x00004000         xrw
*default*        0x00000000         0xffffffff

Linker script and memory map

LOAD /usr/lib/gcc/arm-none-eabi/4.8/armv7-m/crti.o
LOAD /usr/lib/gcc/arm-none-eabi/4.8/armv7-m/crtbegin.o
LOAD LPC1768/main.o
LOAD LPC1768/gcc4mbed.o
LOAD ../../external/mbed/Release/NXP_LPC17XX/mbed.a
LOAD /usr/lib/gcc/arm-none-eabi/4.8/../../../arm-none-eabi/lib/armv7-m/libstdc++_nano.a
LOAD /usr/lib/gcc/arm-none-eabi/4.8/../../../arm-none-eabi/lib/armv7-m/libsupc++_nano.a
LOAD /usr/lib/gcc/arm-none-eabi/4.8/armv7-m/libgcc.a
LOAD /usr/lib/gcc/arm-none-eabi/4.8/armv7-m/libgcc.a
LOAD /usr/lib/gcc/arm-none-eabi/4.8/../../../arm-none-eabi/lib/armv7-m/libc_nano.a
LOAD /usr/lib/gcc/arm-none-eabi/4.8/../../../arm-none-eabi/lib/armv7-m/libnosys.a
LOAD /usr/lib/gcc/arm-none-eabi/4.8/../../../arm-none-eabi/lib/armv7-m/libstdc++_nano.a
LOAD /usr/lib/gcc/arm-none-eabi/4.8/../../../arm-none-eabi/lib/armv7-m/libm.a
LOAD /usr/lib/gcc/arm-none-eabi/4.8/../../../arm-none-eabi/lib/armv7-m/libc_nano.a
START GROUP
LOAD /usr/lib/gcc/arm-none-eabi/4.8/armv7-m/libgcc.a
LOAD /usr/lib/gcc/arm-none-eabi/4.8/../../../arm-none-eabi/lib/armv7-m/libc_nano.a
END GROUP
START GROUP
LOAD /usr/lib/gcc/arm-none-eabi/4.8/armv7-m/libgcc.a
LOAD /usr/lib/gcc/arm-none-eabi/4.8/../../../arm-none-eabi/lib/armv7-m/libc_nano.a
END GROUP
LOAD /usr/lib/gcc/arm-none-eabi/4.8/armv7-m/crtend.o
LOAD /usr/lib/gcc/arm-none-eabi/4.8/armv7-m/crtn.o

.text           0x00000000     0x2744
 *(.isr_vector)
 .isr_vector    0x00000000       0xcc ../../external/mbed/Release/NXP_LPC17XX/mbed.a(startup_LPC17xx.o)
                0x00000000                __isr_vector
 *(.text*)
 .text          0x000000cc       0xac /usr/lib/gcc/arm-none-eabi/4.8/armv7-m/crtbegin.o
 .text._Z6turnoni
                0x00000178       0xec LPC1768/main.o
                0x00000178                turnon(int)
 .text.startup.main
                0x00000264       0x88 LPC1768/main.o
                0x00000264                main
 .text.startup._GLOBAL__sub_I_myled0
                0x000002ec       0xf8 LPC1768/main.o
 .text._start   0x000003e4       0x28 LPC1768/gcc4mbed.o
                0x000003e4                _start
 .text.__wrap__isatty
                0x0000040c        0xc LPC1768/gcc4mbed.o
                0x0000040c                __wrap__isatty
 .text.ticker_irq_handler
                0x00000418       0x4c ../../external/mbed/Release/NXP_LPC17XX/mbed.a(ticker_api.o)
                0x00000418                ticker_irq_handler
 .text.semihost_exit
                0x00000464       0x18 ../../external/mbed/Release/NXP_LPC17XX/mbed.a(semihost_api.o)
                0x00000464                semihost_exit
 .text.semihost_connected
                0x0000047c       0x10 ../../external/mbed/Release/NXP_LPC17XX/mbed.a(semihost_api.o)
                0x0000047c                semihost_connected
 .text.wait_us  0x0000048c       0x18 ../../external/mbed/Release/NXP_LPC17XX/mbed.a(wait_api.o)
                0x0000048c                wait_us
 .text.wait     0x000004a4       0x18 ../../external/mbed/Release/NXP_LPC17XX/mbed.a(wait_api.o)
                0x000004a4                wait
 .text.wait_ms  0x000004bc        0xc ../../external/mbed/Release/NXP_LPC17XX/mbed.a(wait_api.o)
                0x000004bc                wait_ms
 .text.error    0x000004c8       0x24 ../../external/mbed/Release/NXP_LPC17XX/mbed.a(error.o)
                0x000004c8                error
 .text.mbed_die
                0x000004ec       0x74 ../../external/mbed/Release/NXP_LPC17XX/mbed.a(board.o)
                0x000004ec                mbed_die
 .text.us_ticker_irq_handler
                0x00000560        0xc ../../external/mbed/Release/NXP_LPC17XX/mbed.a(us_ticker_api.o)
                0x00000560                us_ticker_irq_handler
 .text.mbed_interface_connected
                0x0000056c        0x4 ../../external/mbed/Release/NXP_LPC17XX/mbed.a(mbed_interface.o)
                0x0000056c                mbed_interface_connected
 .text.gpio_init_in
                0x00000570       0x24 ../../external/mbed/Release/NXP_LPC17XX/mbed.a(gpio.o)
                0x00000570                gpio_init_in
 .text.gpio_init_out
                0x00000594       0x2c ../../external/mbed/Release/NXP_LPC17XX/mbed.a(gpio.o)
                0x00000594                gpio_init_out
 .text.gpio_init_out_ex
                0x000005c0       0x38 ../../external/mbed/Release/NXP_LPC17XX/mbed.a(gpio.o)
                0x000005c0                gpio_init_out_ex
 .text.pinmap_pinout
                0x000005f8       0x40 ../../external/mbed/Release/NXP_LPC17XX/mbed.a(pinmap_common.o)
                0x000005f8                pinmap_pinout
 .text.pinmap_merge
                0x00000638       0x24 ../../external/mbed/Release/NXP_LPC17XX/mbed.a(pinmap_common.o)
                0x00000638                pinmap_merge
 .text.pinmap_find_peripheral
                0x0000065c       0x1c ../../external/mbed/Release/NXP_LPC17XX/mbed.a(pinmap_common.o)
                0x0000065c                pinmap_find_peripheral
 .text.pinmap_peripheral
                0x00000678       0x34 ../../external/mbed/Release/NXP_LPC17XX/mbed.a(pinmap_common.o)
                0x00000678                pinmap_peripheral
 .text.NVIC_SetVector
                0x000006ac       0x3c ../../external/mbed/Release/NXP_LPC17XX/mbed.a(cmsis_nvic.o)
                0x000006ac                NVIC_SetVector
 .text.SystemInit
                0x000006e8       0xb8 ../../external/mbed/Release/NXP_LPC17XX/mbed.a(system_LPC17xx.o)
                0x000006e8                SystemInit
 .text.gpio_init
                0x000007a0       0x3c ../../external/mbed/Release/NXP_LPC17XX/mbed.a(gpio_api.o)
                0x000007a0                gpio_init
 .text.gpio_mode
                0x000007dc        0x8 ../../external/mbed/Release/NXP_LPC17XX/mbed.a(gpio_api.o)
                0x000007dc                gpio_mode
 .text.gpio_dir
                0x000007e4       0x24 ../../external/mbed/Release/NXP_LPC17XX/mbed.a(gpio_api.o)
                0x000007e4                gpio_dir
 .text.us_ticker_init.part.0
                0x00000808       0x64 ../../external/mbed/Release/NXP_LPC17XX/mbed.a(us_ticker.o)
 .text.us_ticker_init
                0x0000086c       0x10 ../../external/mbed/Release/NXP_LPC17XX/mbed.a(us_ticker.o)
                0x0000086c                us_ticker_init
 .text.us_ticker_read
                0x0000087c       0x1c ../../external/mbed/Release/NXP_LPC17XX/mbed.a(us_ticker.o)
                0x0000087c                us_ticker_read
 .text.us_ticker_set_interrupt
                0x00000898       0x14 ../../external/mbed/Release/NXP_LPC17XX/mbed.a(us_ticker.o)
                0x00000898                us_ticker_set_interrupt
 .text.us_ticker_disable_interrupt
                0x000008ac       0x10 ../../external/mbed/Release/NXP_LPC17XX/mbed.a(us_ticker.o)
                0x000008ac                us_ticker_disable_interrupt
 .text.us_ticker_clear_interrupt
                0x000008bc        0xc ../../external/mbed/Release/NXP_LPC17XX/mbed.a(us_ticker.o)
                0x000008bc                us_ticker_clear_interrupt
 .text.pin_function
                0x000008c8       0x38 ../../external/mbed/Release/NXP_LPC17XX/mbed.a(pinmap.o)
                0x000008c8                pin_function
 .text.pin_mode
                0x00000900       0x5c ../../external/mbed/Release/NXP_LPC17XX/mbed.a(pinmap.o)
                0x00000900                pin_mode
 .text.uart2_irq
                0x0000095c       0x6c ../../external/mbed/Release/NXP_LPC17XX/mbed.a(serial_api.o)
                0x0000095c                uart2_irq
 .text.serial_irq_set_internal
                0x000009c8       0xc8 ../../external/mbed/Release/NXP_LPC17XX/mbed.a(serial_api.o)
 .text.uart3_irq
                0x00000a90       0x74 ../../external/mbed/Release/NXP_LPC17XX/mbed.a(serial_api.o)
                0x00000a90                uart3_irq
 .text.uart0_irq
                0x00000b04       0x68 ../../external/mbed/Release/NXP_LPC17XX/mbed.a(serial_api.o)
                0x00000b04                uart0_irq
 .text.uart1_irq
                0x00000b6c       0x68 ../../external/mbed/Release/NXP_LPC17XX/mbed.a(serial_api.o)
                0x00000b6c                uart1_irq
 .text.serial_baud
                0x00000bd4      0x1c0 ../../external/mbed/Release/NXP_LPC17XX/mbed.a(serial_api.o)
                0x00000bd4                serial_baud
 .text.serial_getc
                0x00000d94       0x34 ../../external/mbed/Release/NXP_LPC17XX/mbed.a(serial_api.o)
                0x00000d94                serial_getc
 .text.serial_writable
                0x00000dc8       0x64 ../../external/mbed/Release/NXP_LPC17XX/mbed.a(serial_api.o)
                0x00000dc8                serial_writable
 .text.serial_putc
                0x00000e2c       0x34 ../../external/mbed/Release/NXP_LPC17XX/mbed.a(serial_api.o)
                0x00000e2c                serial_putc
 .text.serial_set_flow_control
                0x00000e60      0x130 ../../external/mbed/Release/NXP_LPC17XX/mbed.a(serial_api.o)
                0x00000e60                serial_set_flow_control
 .text.serial_init
                0x00000f90      0x194 ../../external/mbed/Release/NXP_LPC17XX/mbed.a(serial_api.o)
                0x00000f90                serial_init
 .text._ZL11init_serialv.part.0
                0x00001124       0x18 ../../external/mbed/Release/NXP_LPC17XX/mbed.a(retarget.o)
 .text._close   0x0000113c       0x28 ../../external/mbed/Release/NXP_LPC17XX/mbed.a(retarget.o)
                0x0000113c                _close
 .text._write   0x00001164       0x4c ../../external/mbed/Release/NXP_LPC17XX/mbed.a(retarget.o)
                0x00001164                _write
 .text._read    0x000011b0       0x44 ../../external/mbed/Release/NXP_LPC17XX/mbed.a(retarget.o)
                0x000011b0                _read
 .text._isatty  0x000011f4       0x24 ../../external/mbed/Release/NXP_LPC17XX/mbed.a(retarget.o)
                0x000011f4                _isatty
 .text._lseek   0x00001218       0x24 ../../external/mbed/Release/NXP_LPC17XX/mbed.a(retarget.o)
                0x00001218                _lseek
 .text._fstat   0x0000123c       0x20 ../../external/mbed/Release/NXP_LPC17XX/mbed.a(retarget.o)
                0x0000123c                _fstat
 .text.mbed_main
                0x0000125c        0x4 ../../external/mbed/Release/NXP_LPC17XX/mbed.a(retarget.o)
                0x0000125c                mbed_main
 .text.mbed_sdk_init
                0x00001260        0x4 ../../external/mbed/Release/NXP_LPC17XX/mbed.a(retarget.o)
                0x00001260                mbed_sdk_init
 .text.__wrap_main
                0x00001264       0x14 ../../external/mbed/Release/NXP_LPC17XX/mbed.a(retarget.o)
                0x00001264                __wrap_main
 .text._sbrk    0x00001278       0x28 ../../external/mbed/Release/NXP_LPC17XX/mbed.a(retarget.o)
                0x00001278                _sbrk
 .text._exit    0x000012a0       0x30 ../../external/mbed/Release/NXP_LPC17XX/mbed.a(retarget.o)
                0x000012a0                _exit
 .text          0x000012d0       0x44 ../../external/mbed/Release/NXP_LPC17XX/mbed.a(startup_LPC17xx.o)
                0x000012d0                Reset_Handler
                0x00001300                NMI_Handler
                0x00001302                HardFault_Handler
                0x00001304                MemManage_Handler
                0x00001306                BusFault_Handler
                0x00001308                UsageFault_Handler
                0x0000130a                SVC_Handler
                0x0000130c                DebugMon_Handler
                0x0000130e                PendSV_Handler
                0x00001310                SysTick_Handler
                0x00001312                TIMER2_IRQHandler
                0x00001312                RIT_IRQHandler
                0x00001312                I2C0_IRQHandler
                0x00001312                USBActivity_IRQHandler
                0x00001312                PWM1_IRQHandler
                0x00001312                I2C1_IRQHandler
                0x00001312                EINT2_IRQHandler
                0x00001312                UART1_IRQHandler
                0x00001312                EINT3_IRQHandler
                0x00001312                CANActivity_IRQHandler
                0x00001312                TIMER3_IRQHandler
                0x00001312                UART0_IRQHandler
                0x00001312                PLL0_IRQHandler
                0x00001312                CAN_IRQHandler
                0x00001312                PLL1_IRQHandler
                0x00001312                SSP0_IRQHandler
                0x00001312                I2S_IRQHandler
                0x00001312                I2C2_IRQHandler
                0x00001312                RTC_IRQHandler
                0x00001312                TIMER0_IRQHandler
                0x00001312                SPI_IRQHandler
                0x00001312                EINT1_IRQHandler
                0x00001312                TIMER1_IRQHandler
                0x00001312                UART2_IRQHandler
                0x00001312                Default_Handler
                0x00001312                ADC_IRQHandler
                0x00001312                SSP1_IRQHandler
                0x00001312                USB_IRQHandler
                0x00001312                BOD_IRQHandler
                0x00001312                WDT_IRQHandler
                0x00001312                QEI_IRQHandler
                0x00001312                EINT0_IRQHandler
                0x00001312                DEF_IRQHandler
                0x00001312                DMA_IRQHandler
                0x00001312                UART3_IRQHandler
                0x00001312                MCPWM_IRQHandler
                0x00001312                ENET_IRQHandler
 .text          0x00001314      0x2a0 /usr/lib/gcc/arm-none-eabi/4.8/armv7-m/libgcc.a(_arm_muldivsf3.o)
                0x00001314                __mulsf3
                0x00001314                __aeabi_fmul
                0x0000147c                __divsf3
                0x0000147c                __aeabi_fdiv
 .text          0x000015b4       0x4c /usr/lib/gcc/arm-none-eabi/4.8/armv7-m/libgcc.a(_arm_fixsfsi.o)
                0x000015b4                __fixsfsi
                0x000015b4                __aeabi_f2iz
 .text.__errno  0x00001600        0xc /usr/lib/gcc/arm-none-eabi/4.8/../../../arm-none-eabi/lib/armv7-m/libc_nano.a(lib_a-errno.o)
                0x00001600                __errno
 .text.exit     0x0000160c       0x28 /usr/lib/gcc/arm-none-eabi/4.8/../../../arm-none-eabi/lib/armv7-m/libc_nano.a(lib_a-exit.o)
                0x0000160c                exit
 .text._fclose_r
                0x00001634       0xa4 /usr/lib/gcc/arm-none-eabi/4.8/../../../arm-none-eabi/lib/armv7-m/libc_nano.a(lib_a-fclose.o)
                0x00001634                _fclose_r
 .text.__sflush_r
                0x000016d8      0x106 /usr/lib/gcc/arm-none-eabi/4.8/../../../arm-none-eabi/lib/armv7-m/libc_nano.a(lib_a-fflush.o)
                0x000016d8                __sflush_r
 *fill*         0x000017de        0x2 
 .text._fflush_r
                0x000017e0       0x54 /usr/lib/gcc/arm-none-eabi/4.8/../../../arm-none-eabi/lib/armv7-m/libc_nano.a(lib_a-fflush.o)
                0x000017e0                _fflush_r
 .text.fflush   0x00001834       0x24 /usr/lib/gcc/arm-none-eabi/4.8/../../../arm-none-eabi/lib/armv7-m/libc_nano.a(lib_a-fflush.o)
                0x00001834                fflush
 .text._cleanup_r
                0x00001858        0xc /usr/lib/gcc/arm-none-eabi/4.8/../../../arm-none-eabi/lib/armv7-m/libc_nano.a(lib_a-findfp.o)
                0x00001858                _cleanup_r
 .text.std.isra.0
                0x00001864       0x48 /usr/lib/gcc/arm-none-eabi/4.8/../../../arm-none-eabi/lib/armv7-m/libc_nano.a(lib_a-findfp.o)
 .text.__sfmoreglue
                0x000018ac       0x2c /usr/lib/gcc/arm-none-eabi/4.8/../../../arm-none-eabi/lib/armv7-m/libc_nano.a(lib_a-findfp.o)
                0x000018ac                __sfmoreglue
 .text.__sinit  0x000018d8       0x60 /usr/lib/gcc/arm-none-eabi/4.8/../../../arm-none-eabi/lib/armv7-m/libc_nano.a(lib_a-findfp.o)
                0x000018d8                __sinit
 .text.__sfp    0x00001938       0x74 /usr/lib/gcc/arm-none-eabi/4.8/../../../arm-none-eabi/lib/armv7-m/libc_nano.a(lib_a-findfp.o)
                0x00001938                __sfp
 .text.__sfp_lock_acquire
                0x000019ac        0x2 /usr/lib/gcc/arm-none-eabi/4.8/../../../arm-none-eabi/lib/armv7-m/libc_nano.a(lib_a-findfp.o)
                0x000019ac                __sfp_lock_acquire
 .text.__sfp_lock_release
                0x000019ae        0x2 /usr/lib/gcc/arm-none-eabi/4.8/../../../arm-none-eabi/lib/armv7-m/libc_nano.a(lib_a-findfp.o)
                0x000019ae                __sfp_lock_release
 .text._fwalk_reent
                0x000019b0       0x3c /usr/lib/gcc/arm-none-eabi/4.8/../../../arm-none-eabi/lib/armv7-m/libc_nano.a(lib_a-fwalk.o)
                0x000019b0                _fwalk_reent
 .text.__libc_init_array
                0x000019ec       0x4c /usr/lib/gcc/arm-none-eabi/4.8/../../../arm-none-eabi/lib/armv7-m/libc_nano.a(lib_a-init.o)
                0x000019ec                __libc_init_array
 .text.__smakebuf_r
                0x00001a38       0x98 /usr/lib/gcc/arm-none-eabi/4.8/../../../arm-none-eabi/lib/armv7-m/libc_nano.a(lib_a-makebuf.o)
                0x00001a38                __smakebuf_r
 .text.memchr   0x00001ad0       0x1c /usr/lib/gcc/arm-none-eabi/4.8/../../../arm-none-eabi/lib/armv7-m/libc_nano.a(lib_a-memchr-stub.o)
                0x00001ad0                memchr
 .text.memset   0x00001aec       0x10 /usr/lib/gcc/arm-none-eabi/4.8/../../../arm-none-eabi/lib/armv7-m/libc_nano.a(lib_a-memset.o)
                0x00001aec                memset
 .text._free_r  0x00001afc       0x88 /usr/lib/gcc/arm-none-eabi/4.8/../../../arm-none-eabi/lib/armv7-m/libc_nano.a(lib_a-nano-freer.o)
                0x00001afc                _free_r
 .text._malloc_r
                0x00001b84       0xac /usr/lib/gcc/arm-none-eabi/4.8/../../../arm-none-eabi/lib/armv7-m/libc_nano.a(lib_a-nano-mallocr.o)
                0x00001b84                _malloc_r
 .text.__sfputc_r
                0x00001c30       0x2c /usr/lib/gcc/arm-none-eabi/4.8/../../../arm-none-eabi/lib/armv7-m/libc_nano.a(lib_a-nano-vfprintf.o)
 .text.__sfputs_r
                0x00001c5c       0x24 /usr/lib/gcc/arm-none-eabi/4.8/../../../arm-none-eabi/lib/armv7-m/libc_nano.a(lib_a-nano-vfprintf.o)
                0x00001c5c                __sfputs_r
 .text._vfprintf_r
                0x00001c80      0x208 /usr/lib/gcc/arm-none-eabi/4.8/../../../arm-none-eabi/lib/armv7-m/libc_nano.a(lib_a-nano-vfprintf.o)
                0x00001c80                _vfiprintf_r
                0x00001c80                _vfprintf_r
 .text.vfprintf
                0x00001e88       0x1c /usr/lib/gcc/arm-none-eabi/4.8/../../../arm-none-eabi/lib/armv7-m/libc_nano.a(lib_a-nano-vfprintf.o)
                0x00001e88                vfiprintf
                0x00001e88                vfprintf
 .text._sbrk_r  0x00001ea4       0x20 /usr/lib/gcc/arm-none-eabi/4.8/../../../arm-none-eabi/lib/armv7-m/libc_nano.a(lib_a-sbrkr.o)
                0x00001ea4                _sbrk_r
 .text.__sread  0x00001ec4       0x22 /usr/lib/gcc/arm-none-eabi/4.8/../../../arm-none-eabi/lib/armv7-m/libc_nano.a(lib_a-stdio.o)
                0x00001ec4                __sread
 .text.__swrite
                0x00001ee6       0x38 /usr/lib/gcc/arm-none-eabi/4.8/../../../arm-none-eabi/lib/armv7-m/libc_nano.a(lib_a-stdio.o)
                0x00001ee6                __swrite
 .text.__sseek  0x00001f1e       0x24 /usr/lib/gcc/arm-none-eabi/4.8/../../../arm-none-eabi/lib/armv7-m/libc_nano.a(lib_a-stdio.o)
                0x00001f1e                __sseek
 .text.__sclose
                0x00001f42        0x8 /usr/lib/gcc/arm-none-eabi/4.8/../../../arm-none-eabi/lib/armv7-m/libc_nano.a(lib_a-stdio.o)
                0x00001f42                __sclose
 .text.strlen   0x00001f4a       0x10 /usr/lib/gcc/arm-none-eabi/4.8/../../../arm-none-eabi/lib/armv7-m/libc_nano.a(lib_a-strlen.o)
                0x00001f4a                strlen
 *fill*         0x00001f5a        0x2 
 .text.__swbuf_r
                0x00001f5c       0xa8 /usr/lib/gcc/arm-none-eabi/4.8/../../../arm-none-eabi/lib/armv7-m/libc_nano.a(lib_a-wbuf.o)
                0x00001f5c                __swbuf_r
 .text._write_r
                0x00002004       0x24 /usr/lib/gcc/arm-none-eabi/4.8/../../../arm-none-eabi/lib/armv7-m/libc_nano.a(lib_a-writer.o)
                0x00002004                _write_r
 .text.__swsetup_r
                0x00002028       0xdc /usr/lib/gcc/arm-none-eabi/4.8/../../../arm-none-eabi/lib/armv7-m/libc_nano.a(lib_a-wsetup.o)
                0x00002028                __swsetup_r
 .text._close_r
                0x00002104       0x20 /usr/lib/gcc/arm-none-eabi/4.8/../../../arm-none-eabi/lib/armv7-m/libc_nano.a(lib_a-closer.o)
                0x00002104                _close_r
 .text._fstat_r
                0x00002124       0x24 /usr/lib/gcc/arm-none-eabi/4.8/../../../arm-none-eabi/lib/armv7-m/libc_nano.a(lib_a-fstatr.o)
                0x00002124                _fstat_r
 .text._isatty_r
                0x00002148       0x20 /usr/lib/gcc/arm-none-eabi/4.8/../../../arm-none-eabi/lib/armv7-m/libc_nano.a(lib_a-isattyr.o)
                0x00002148                _isatty_r
 .text._lseek_r
                0x00002168       0x24 /usr/lib/gcc/arm-none-eabi/4.8/../../../arm-none-eabi/lib/armv7-m/libc_nano.a(lib_a-lseekr.o)
                0x00002168                _lseek_r
 .text._printf_common
                0x0000218c       0xe4 /usr/lib/gcc/arm-none-eabi/4.8/../../../arm-none-eabi/lib/armv7-m/libc_nano.a(lib_a-nano-vfprintf_i.o)
                0x0000218c                _printf_common
 .text._printf_i
                0x00002270      0x22c /usr/lib/gcc/arm-none-eabi/4.8/../../../arm-none-eabi/lib/armv7-m/libc_nano.a(lib_a-nano-vfprintf_i.o)
                0x00002270                _printf_i
 .text._read_r  0x0000249c       0x24 /usr/lib/gcc/arm-none-eabi/4.8/../../../arm-none-eabi/lib/armv7-m/libc_nano.a(lib_a-readr.o)
                0x0000249c                _read_r
 *(.init)
 .init          0x000024c0        0x4 /usr/lib/gcc/arm-none-eabi/4.8/armv7-m/crti.o
                0x000024c0                _init
 .init          0x000024c4        0x8 /usr/lib/gcc/arm-none-eabi/4.8/armv7-m/crtn.o
 *(.fini)
 .fini          0x000024cc        0x4 /usr/lib/gcc/arm-none-eabi/4.8/armv7-m/crti.o
                0x000024cc                _fini
 .fini          0x000024d0        0x8 /usr/lib/gcc/arm-none-eabi/4.8/armv7-m/crtn.o
 *crtbegin.o(.ctors)
 *crtbegin?.o(.ctors)
 *(EXCLUDE_FILE(*crtend.o *crtend?.o) .ctors)
 *(SORT(.ctors.*))
 *(.ctors)
 *crtbegin.o(.dtors)
 *crtbegin?.o(.dtors)
 *(EXCLUDE_FILE(*crtend.o *crtend?.o) .dtors)
 *(SORT(.dtors.*))
 *(.dtors)
 *(.rodata*)
 .rodata.us_interface
                0x000024d8       0x14 ../../external/mbed/Release/NXP_LPC17XX/mbed.a(us_ticker_api.o)
 .rodata.us_data
                0x000024ec        0x8 ../../external/mbed/Release/NXP_LPC17XX/mbed.a(us_ticker_api.o)
 .rodata.str1.4
                0x000024f4       0x68 ../../external/mbed/Release/NXP_LPC17XX/mbed.a(pinmap_common.o)
 .rodata.PinMap_UART_RTS
                0x0000255c       0x24 ../../external/mbed/Release/NXP_LPC17XX/mbed.a(serial_api.o)
 .rodata.PinMap_UART_RX
                0x00002580       0x6c ../../external/mbed/Release/NXP_LPC17XX/mbed.a(serial_api.o)
 .rodata.PinMap_UART_TX
                0x000025ec       0x6c ../../external/mbed/Release/NXP_LPC17XX/mbed.a(serial_api.o)
 .rodata.PinMap_UART_CTS
                0x00002658       0x24 ../../external/mbed/Release/NXP_LPC17XX/mbed.a(serial_api.o)
 .rodata.__sf_fake_stdin
                0x0000267c       0x20 /usr/lib/gcc/arm-none-eabi/4.8/../../../arm-none-eabi/lib/armv7-m/libc_nano.a(lib_a-findfp.o)
                0x0000267c                __sf_fake_stdin
 .rodata.__sf_fake_stdout
                0x0000269c       0x20 /usr/lib/gcc/arm-none-eabi/4.8/../../../arm-none-eabi/lib/armv7-m/libc_nano.a(lib_a-findfp.o)
                0x0000269c                __sf_fake_stdout
 .rodata.__sf_fake_stderr
                0x000026bc       0x20 /usr/lib/gcc/arm-none-eabi/4.8/../../../arm-none-eabi/lib/armv7-m/libc_nano.a(lib_a-findfp.o)
                0x000026bc                __sf_fake_stderr
 .rodata.str1.1
                0x000026dc        0x2 /usr/lib/gcc/arm-none-eabi/4.8/../../../arm-none-eabi/lib/armv7-m/libc_nano.a(lib_a-impure.o)
 *fill*         0x000026de        0x2 
 .rodata._global_impure_ptr
                0x000026e0        0x4 /usr/lib/gcc/arm-none-eabi/4.8/../../../arm-none-eabi/lib/armv7-m/libc_nano.a(lib_a-impure.o)
                0x000026e0                _global_impure_ptr
 .rodata.str1.1
                0x000026e4       0x11 /usr/lib/gcc/arm-none-eabi/4.8/../../../arm-none-eabi/lib/armv7-m/libc_nano.a(lib_a-nano-vfprintf.o)
 .rodata.str1.1
                0x000026f5       0x22 /usr/lib/gcc/arm-none-eabi/4.8/../../../arm-none-eabi/lib/armv7-m/libc_nano.a(lib_a-nano-vfprintf_i.o)
 *(.eh_frame*)
 *fill*         0x00002717        0x1 
 .eh_frame      0x00002718        0x0 /usr/lib/gcc/arm-none-eabi/4.8/armv7-m/crtbegin.o
 .eh_frame      0x00002718       0x28 /usr/lib/gcc/arm-none-eabi/4.8/../../../arm-none-eabi/lib/armv7-m/libc_nano.a(lib_a-strcmp.o)
 .eh_frame      0x00002740        0x4 /usr/lib/gcc/arm-none-eabi/4.8/armv7-m/crtend.o

.glue_7         0x00002744        0x0
 .glue_7        0x00002744        0x0 linker stubs

.glue_7t        0x00002744        0x0
 .glue_7t       0x00002744        0x0 linker stubs

.vfp11_veneer   0x00002744        0x0
 .vfp11_veneer  0x00002744        0x0 linker stubs

.v4_bx          0x00002744        0x0
 .v4_bx         0x00002744        0x0 linker stubs

.iplt           0x00002744        0x0
 .iplt          0x00002744        0x0 /usr/lib/gcc/arm-none-eabi/4.8/armv7-m/crtbegin.o

.rel.dyn        0x00002744        0x0
 .rel.iplt      0x00002744        0x0 /usr/lib/gcc/arm-none-eabi/4.8/armv7-m/crtbegin.o

.ARM.extab
 *(.ARM.extab* .gnu.linkonce.armextab.*)
                0x00002744                __exidx_start = .

.ARM.exidx
 *(.ARM.exidx* .gnu.linkonce.armexidx.*)
                0x00002744                __exidx_end = .
                0x00002744                __etext = .

.data           0x100000c8       0x78 load address 0x00002744
                0x100000c8                __data_start__ = .
                0x100000c8                Image$$RW_IRAM1$$Base = .
 *(vtable)
 *(.data*)
 .data.SystemCoreClock
                0x100000c8        0x4 ../../external/mbed/Release/NXP_LPC17XX/mbed.a(system_LPC17xx.o)
                0x100000c8                SystemCoreClock
 .data._ZZ5_sbrkE4heap
                0x100000cc        0x4 ../../external/mbed/Release/NXP_LPC17XX/mbed.a(retarget.o)
 .data.impure_data
                0x100000d0       0x60 /usr/lib/gcc/arm-none-eabi/4.8/../../../arm-none-eabi/lib/armv7-m/libc_nano.a(lib_a-impure.o)
 .data._impure_ptr
                0x10000130        0x4 /usr/lib/gcc/arm-none-eabi/4.8/../../../arm-none-eabi/lib/armv7-m/libc_nano.a(lib_a-impure.o)
                0x10000130                _impure_ptr
                0x10000134                . = ALIGN (0x4)
                0x10000134                PROVIDE (__preinit_array_start, .)
 *(.preinit_array)
                0x10000134                PROVIDE (__preinit_array_end, .)
                0x10000134                . = ALIGN (0x4)
                0x10000134                PROVIDE (__init_array_start, .)
 *(SORT(.init_array.*))
 *(.init_array)
 .init_array    0x10000134        0x4 /usr/lib/gcc/arm-none-eabi/4.8/armv7-m/crtbegin.o
 .init_array    0x10000138        0x4 LPC1768/main.o
                0x1000013c                PROVIDE (__init_array_end, .)
                0x1000013c                . = ALIGN (0x4)
                0x1000013c                PROVIDE (__fini_array_start, .)
 *(SORT(.fini_array.*))
 *(.fini_array)
 .fini_array    0x1000013c        0x4 /usr/lib/gcc/arm-none-eabi/4.8/armv7-m/crtbegin.o
                0x10000140                PROVIDE (__fini_array_end, .)
                0x10000140                . = ALIGN (0x4)
                0x10000140                __data_end__ = .

.jcr            0x10000140        0x0 load address 0x000027bc
 .jcr           0x10000140        0x0 /usr/lib/gcc/arm-none-eabi/4.8/armv7-m/crtbegin.o

.tm_clone_table
                0x10000140        0x0 load address 0x000027bc
 .tm_clone_table
                0x10000140        0x0 /usr/lib/gcc/arm-none-eabi/4.8/armv7-m/crtbegin.o
 .tm_clone_table
                0x10000140        0x0 /usr/lib/gcc/arm-none-eabi/4.8/armv7-m/crtend.o

.igot.plt       0x10000140        0x0 load address 0x000027bc
 .igot.plt      0x10000140        0x0 /usr/lib/gcc/arm-none-eabi/4.8/armv7-m/crtbegin.o

.bss            0x10000140      0x2e4 load address 0x000027bc
                0x10000140                __bss_start__ = .
 *(.bss*)
 .bss           0x10000140       0x1c /usr/lib/gcc/arm-none-eabi/4.8/armv7-m/crtbegin.o
 .bss.alphaStep
                0x1000015c       0x18 LPC1768/main.o
                0x1000015c                alphaStep
 .bss.alphaDir  0x10000174       0x18 LPC1768/main.o
                0x10000174                alphaDir
 .bss.betaDir   0x1000018c       0x18 LPC1768/main.o
                0x1000018c                betaDir
 .bss.myled0    0x100001a4       0x18 LPC1768/main.o
                0x100001a4                myled0
 .bss.myled1    0x100001bc       0x18 LPC1768/main.o
                0x100001bc                myled1
 .bss.myled2    0x100001d4       0x18 LPC1768/main.o
                0x100001d4                myled2
 .bss.myled3    0x100001ec       0x18 LPC1768/main.o
                0x100001ec                myled3
 .bss.betaStep  0x10000204       0x18 LPC1768/main.o
                0x10000204                betaStep
 .bss.events    0x1000021c        0x8 ../../external/mbed/Release/NXP_LPC17XX/mbed.a(us_ticker_api.o)
 .bss.us_ticker_inited
                0x10000224        0x4 ../../external/mbed/Release/NXP_LPC17XX/mbed.a(us_ticker.o)
                0x10000224                us_ticker_inited
 .bss.stdio_uart_inited
                0x10000228        0x4 ../../external/mbed/Release/NXP_LPC17XX/mbed.a(serial_api.o)
                0x10000228                stdio_uart_inited
 .bss.irq_handler
                0x1000022c        0x4 ../../external/mbed/Release/NXP_LPC17XX/mbed.a(serial_api.o)
 .bss.uart_data
                0x10000230       0xe0 ../../external/mbed/Release/NXP_LPC17XX/mbed.a(serial_api.o)
 .bss._ZL11filehandles
                0x10000310      0x100 ../../external/mbed/Release/NXP_LPC17XX/mbed.a(retarget.o)
 .bss.__malloc_sbrk_start
                0x10000410        0x4 /usr/lib/gcc/arm-none-eabi/4.8/../../../arm-none-eabi/lib/armv7-m/libc_nano.a(lib_a-nano-mallocr.o)
                0x10000410                __malloc_sbrk_start
 .bss.__malloc_free_list
                0x10000414        0x4 /usr/lib/gcc/arm-none-eabi/4.8/../../../arm-none-eabi/lib/armv7-m/libc_nano.a(lib_a-nano-mallocr.o)
                0x10000414                __malloc_free_list
 *(COMMON)
 COMMON         0x10000418        0x8 ../../external/mbed/Release/NXP_LPC17XX/mbed.a(serial_api.o)
                0x10000418                stdio_uart
 COMMON         0x10000420        0x4 /usr/lib/gcc/arm-none-eabi/4.8/../../../arm-none-eabi/lib/armv7-m/libc_nano.a(lib_a-reent.o)
                0x10000420                errno
                0x10000424                __bss_end__ = .
                0x10000424                Image$$RW_IRAM1$$ZI$$Limit = .

.heap           0x10000428      0x800
                0x10000428                __end__ = .
                0x10000428                end = __end__
 *(.heap*)
 .heap          0x10000428      0x800 ../../external/mbed/Release/NXP_LPC17XX/mbed.a(startup_LPC17xx.o)
                0x10000428                __HeapBase
                0x10000c28                __HeapLimit = .

.stack_dummy    0x10000428      0xc00
 *(.stack)
 .stack         0x10000428      0xc00 ../../external/mbed/Release/NXP_LPC17XX/mbed.a(startup_LPC17xx.o)
                0x10008000                __StackTop = (ORIGIN (RAM) + 0x7f38)
                0x10007400                __StackLimit = (__StackTop - SIZEOF (.stack_dummy))
                0x10008000                PROVIDE (__stack, __StackTop)
                0x00000001                ASSERT ((__StackLimit >= __HeapLimit), region RAM overflowed with stack)

.AHBSRAM0       0x2007c000        0x0
                0x2007c000                Image$$RW_IRAM2$$Base = .
 *(AHBSRAM0)
                0x2007c000                Image$$RW_IRAM2$$ZI$$Limit = .

.AHBSRAM1       0x20080000        0x0
                0x20080000                Image$$RW_IRAM3$$Base = .
 *(AHBSRAM1)
                0x20080000                Image$$RW_IRAM3$$ZI$$Limit = .
OUTPUT(LPC1768/motorMeridian.elf elf32-littlearm)

.ARM.attributes
                0x00000000       0x29
 .ARM.attributes
                0x00000000       0x1d /usr/lib/gcc/arm-none-eabi/4.8/armv7-m/crti.o
 .ARM.attributes
                0x0000001d       0x2d /usr/lib/gcc/arm-none-eabi/4.8/armv7-m/crtbegin.o
 .ARM.attributes
                0x0000004a       0x33 LPC1768/main.o
 .ARM.attributes
                0x0000007d       0x33 LPC1768/gcc4mbed.o
 .ARM.attributes
                0x000000b0       0x33 ../../external/mbed/Release/NXP_LPC17XX/mbed.a(ticker_api.o)
 .ARM.attributes
                0x000000e3       0x33 ../../external/mbed/Release/NXP_LPC17XX/mbed.a(semihost_api.o)
 .ARM.attributes
                0x00000116       0x33 ../../external/mbed/Release/NXP_LPC17XX/mbed.a(wait_api.o)
 .ARM.attributes
                0x00000149       0x33 ../../external/mbed/Release/NXP_LPC17XX/mbed.a(error.o)
 .ARM.attributes
                0x0000017c       0x33 ../../external/mbed/Release/NXP_LPC17XX/mbed.a(board.o)
 .ARM.attributes
                0x000001af       0x33 ../../external/mbed/Release/NXP_LPC17XX/mbed.a(us_ticker_api.o)
 .ARM.attributes
                0x000001e2       0x33 ../../external/mbed/Release/NXP_LPC17XX/mbed.a(mbed_interface.o)
 .ARM.attributes
                0x00000215       0x33 ../../external/mbed/Release/NXP_LPC17XX/mbed.a(gpio.o)
 .ARM.attributes
                0x00000248       0x33 ../../external/mbed/Release/NXP_LPC17XX/mbed.a(pinmap_common.o)
 .ARM.attributes
                0x0000027b       0x33 ../../external/mbed/Release/NXP_LPC17XX/mbed.a(cmsis_nvic.o)
 .ARM.attributes
                0x000002ae       0x33 ../../external/mbed/Release/NXP_LPC17XX/mbed.a(system_LPC17xx.o)
 .ARM.attributes
                0x000002e1       0x33 ../../external/mbed/Release/NXP_LPC17XX/mbed.a(gpio_api.o)
 .ARM.attributes
                0x00000314       0x33 ../../external/mbed/Release/NXP_LPC17XX/mbed.a(us_ticker.o)
 .ARM.attributes
                0x00000347       0x33 ../../external/mbed/Release/NXP_LPC17XX/mbed.a(pinmap.o)
 .ARM.attributes
                0x0000037a       0x33 ../../external/mbed/Release/NXP_LPC17XX/mbed.a(serial_api.o)
 .ARM.attributes
                0x000003ad       0x33 ../../external/mbed/Release/NXP_LPC17XX/mbed.a(retarget.o)
 .ARM.attributes
                0x000003e0       0x1b ../../external/mbed/Release/NXP_LPC17XX/mbed.a(startup_LPC17xx.o)
 .ARM.attributes
                0x000003fb       0x1d /usr/lib/gcc/arm-none-eabi/4.8/armv7-m/libgcc.a(_arm_muldivsf3.o)
 .ARM.attributes
                0x00000418       0x1d /usr/lib/gcc/arm-none-eabi/4.8/armv7-m/libgcc.a(_arm_fixsfsi.o)
 .ARM.attributes
                0x00000435       0x2d /usr/lib/gcc/arm-none-eabi/4.8/../../../arm-none-eabi/lib/armv7-m/libc_nano.a(lib_a-errno.o)
 .ARM.attributes
                0x00000462       0x2d /usr/lib/gcc/arm-none-eabi/4.8/../../../arm-none-eabi/lib/armv7-m/libc_nano.a(lib_a-exit.o)
 .ARM.attributes
                0x0000048f       0x2d /usr/lib/gcc/arm-none-eabi/4.8/../../../arm-none-eabi/lib/armv7-m/libc_nano.a(lib_a-fclose.o)
 .ARM.attributes
                0x000004bc       0x2d /usr/lib/gcc/arm-none-eabi/4.8/../../../arm-none-eabi/lib/armv7-m/libc_nano.a(lib_a-fflush.o)
 .ARM.attributes
                0x000004e9       0x2d /usr/lib/gcc/arm-none-eabi/4.8/../../../arm-none-eabi/lib/armv7-m/libc_nano.a(lib_a-findfp.o)
 .ARM.attributes
                0x00000516       0x2d /usr/lib/gcc/arm-none-eabi/4.8/../../../arm-none-eabi/lib/armv7-m/libc_nano.a(lib_a-fwalk.o)
 .ARM.attributes
                0x00000543       0x2d /usr/lib/gcc/arm-none-eabi/4.8/../../../arm-none-eabi/lib/armv7-m/libc_nano.a(lib_a-impure.o)
 .ARM.attributes
                0x00000570       0x2d /usr/lib/gcc/arm-none-eabi/4.8/../../../arm-none-eabi/lib/armv7-m/libc_nano.a(lib_a-init.o)
 .ARM.attributes
                0x0000059d       0x2d /usr/lib/gcc/arm-none-eabi/4.8/../../../arm-none-eabi/lib/armv7-m/libc_nano.a(lib_a-makebuf.o)
 .ARM.attributes
                0x000005ca       0x2d /usr/lib/gcc/arm-none-eabi/4.8/../../../arm-none-eabi/lib/armv7-m/libc_nano.a(lib_a-memchr-stub.o)
 .ARM.attributes
                0x000005f7       0x2d /usr/lib/gcc/arm-none-eabi/4.8/../../../arm-none-eabi/lib/armv7-m/libc_nano.a(lib_a-memset.o)
 .ARM.attributes
                0x00000624       0x2d /usr/lib/gcc/arm-none-eabi/4.8/../../../arm-none-eabi/lib/armv7-m/libc_nano.a(lib_a-nano-freer.o)
 .ARM.attributes
                0x00000651       0x2d /usr/lib/gcc/arm-none-eabi/4.8/../../../arm-none-eabi/lib/armv7-m/libc_nano.a(lib_a-nano-mallocr.o)
 .ARM.attributes
                0x0000067e       0x2d /usr/lib/gcc/arm-none-eabi/4.8/../../../arm-none-eabi/lib/armv7-m/libc_nano.a(lib_a-nano-vfprintf.o)
 .ARM.attributes
                0x000006ab       0x2d /usr/lib/gcc/arm-none-eabi/4.8/../../../arm-none-eabi/lib/armv7-m/libc_nano.a(lib_a-reent.o)
 .ARM.attributes
                0x000006d8       0x2d /usr/lib/gcc/arm-none-eabi/4.8/../../../arm-none-eabi/lib/armv7-m/libc_nano.a(lib_a-sbrkr.o)
 .ARM.attributes
                0x00000705       0x2d /usr/lib/gcc/arm-none-eabi/4.8/../../../arm-none-eabi/lib/armv7-m/libc_nano.a(lib_a-stdio.o)
 .ARM.attributes
                0x00000732       0x1b /usr/lib/gcc/arm-none-eabi/4.8/../../../arm-none-eabi/lib/armv7-m/libc_nano.a(lib_a-strcmp.o)
 .ARM.attributes
                0x0000074d       0x2d /usr/lib/gcc/arm-none-eabi/4.8/../../../arm-none-eabi/lib/armv7-m/libc_nano.a(lib_a-strlen.o)
 .ARM.attributes
                0x0000077a       0x2d /usr/lib/gcc/arm-none-eabi/4.8/../../../arm-none-eabi/lib/armv7-m/libc_nano.a(lib_a-wbuf.o)
 .ARM.attributes
                0x000007a7       0x2d /usr/lib/gcc/arm-none-eabi/4.8/../../../arm-none-eabi/lib/armv7-m/libc_nano.a(lib_a-writer.o)
 .ARM.attributes
                0x000007d4       0x2d /usr/lib/gcc/arm-none-eabi/4.8/../../../arm-none-eabi/lib/armv7-m/libc_nano.a(lib_a-wsetup.o)
 .ARM.attributes
                0x00000801       0x2d /usr/lib/gcc/arm-none-eabi/4.8/../../../arm-none-eabi/lib/armv7-m/libc_nano.a(lib_a-closer.o)
 .ARM.attributes
                0x0000082e       0x2d /usr/lib/gcc/arm-none-eabi/4.8/../../../arm-none-eabi/lib/armv7-m/libc_nano.a(lib_a-fstatr.o)
 .ARM.attributes
                0x0000085b       0x2d /usr/lib/gcc/arm-none-eabi/4.8/../../../arm-none-eabi/lib/armv7-m/libc_nano.a(lib_a-isattyr.o)
 .ARM.attributes
                0x00000888       0x2d /usr/lib/gcc/arm-none-eabi/4.8/../../../arm-none-eabi/lib/armv7-m/libc_nano.a(lib_a-lseekr.o)
 .ARM.attributes
                0x000008b5       0x2d /usr/lib/gcc/arm-none-eabi/4.8/../../../arm-none-eabi/lib/armv7-m/libc_nano.a(lib_a-nano-vfprintf_i.o)
 .ARM.attributes
                0x000008e2       0x2d /usr/lib/gcc/arm-none-eabi/4.8/../../../arm-none-eabi/lib/armv7-m/libc_nano.a(lib_a-readr.o)
 .ARM.attributes
                0x0000090f       0x2d /usr/lib/gcc/arm-none-eabi/4.8/armv7-m/crtend.o
 .ARM.attributes
                0x0000093c       0x1d /usr/lib/gcc/arm-none-eabi/4.8/armv7-m/crtn.o

.comment        0x00000000       0xc8
 .comment       0x00000000       0x2d /usr/lib/gcc/arm-none-eabi/4.8/armv7-m/crtbegin.o
                                 0x2e (size before relaxing)
 .comment       0x0000002d       0x2e LPC1768/main.o
 .comment       0x0000002d       0x2e LPC1768/gcc4mbed.o
 .comment       0x0000002d       0x70 ../../external/mbed/Release/NXP_LPC17XX/mbed.a(ticker_api.o)
                                 0x71 (size before relaxing)
 .comment       0x0000009d       0x71 ../../external/mbed/Release/NXP_LPC17XX/mbed.a(semihost_api.o)
 .comment       0x0000009d       0x71 ../../external/mbed/Release/NXP_LPC17XX/mbed.a(wait_api.o)
 .comment       0x0000009d       0x71 ../../external/mbed/Release/NXP_LPC17XX/mbed.a(error.o)
 .comment       0x0000009d       0x71 ../../external/mbed/Release/NXP_LPC17XX/mbed.a(board.o)
 .comment       0x0000009d       0x71 ../../external/mbed/Release/NXP_LPC17XX/mbed.a(us_ticker_api.o)
 .comment       0x0000009d       0x71 ../../external/mbed/Release/NXP_LPC17XX/mbed.a(mbed_interface.o)
 .comment       0x0000009d       0x71 ../../external/mbed/Release/NXP_LPC17XX/mbed.a(gpio.o)
 .comment       0x0000009d       0x71 ../../external/mbed/Release/NXP_LPC17XX/mbed.a(pinmap_common.o)
 .comment       0x0000009d       0x71 ../../external/mbed/Release/NXP_LPC17XX/mbed.a(cmsis_nvic.o)
 .comment       0x0000009d       0x71 ../../external/mbed/Release/NXP_LPC17XX/mbed.a(system_LPC17xx.o)
 .comment       0x0000009d       0x71 ../../external/mbed/Release/NXP_LPC17XX/mbed.a(gpio_api.o)
 .comment       0x0000009d       0x71 ../../external/mbed/Release/NXP_LPC17XX/mbed.a(us_ticker.o)
 .comment       0x0000009d       0x71 ../../external/mbed/Release/NXP_LPC17XX/mbed.a(pinmap.o)
 .comment       0x0000009d       0x71 ../../external/mbed/Release/NXP_LPC17XX/mbed.a(serial_api.o)
 .comment       0x0000009d       0x71 ../../external/mbed/Release/NXP_LPC17XX/mbed.a(retarget.o)
 .comment       0x0000009d       0x2b /usr/lib/gcc/arm-none-eabi/4.8/../../../arm-none-eabi/lib/armv7-m/libc_nano.a(lib_a-errno.o)
                                 0x2c (size before relaxing)
 .comment       0x000000c8       0x2c /usr/lib/gcc/arm-none-eabi/4.8/../../../arm-none-eabi/lib/armv7-m/libc_nano.a(lib_a-exit.o)
 .comment       0x000000c8       0x2c /usr/lib/gcc/arm-none-eabi/4.8/../../../arm-none-eabi/lib/armv7-m/libc_nano.a(lib_a-fclose.o)
 .comment       0x000000c8       0x2c /usr/lib/gcc/arm-none-eabi/4.8/../../../arm-none-eabi/lib/armv7-m/libc_nano.a(lib_a-fflush.o)
 .comment       0x000000c8       0x2c /usr/lib/gcc/arm-none-eabi/4.8/../../../arm-none-eabi/lib/armv7-m/libc_nano.a(lib_a-findfp.o)
 .comment       0x000000c8       0x2c /usr/lib/gcc/arm-none-eabi/4.8/../../../arm-none-eabi/lib/armv7-m/libc_nano.a(lib_a-fwalk.o)
 .comment       0x000000c8       0x2c /usr/lib/gcc/arm-none-eabi/4.8/../../../arm-none-eabi/lib/armv7-m/libc_nano.a(lib_a-impure.o)
 .comment       0x000000c8       0x2c /usr/lib/gcc/arm-none-eabi/4.8/../../../arm-none-eabi/lib/armv7-m/libc_nano.a(lib_a-init.o)
 .comment       0x000000c8       0x2c /usr/lib/gcc/arm-none-eabi/4.8/../../../arm-none-eabi/lib/armv7-m/libc_nano.a(lib_a-makebuf.o)
 .comment       0x000000c8       0x2c /usr/lib/gcc/arm-none-eabi/4.8/../../../arm-none-eabi/lib/armv7-m/libc_nano.a(lib_a-memchr-stub.o)
 .comment       0x000000c8       0x2c /usr/lib/gcc/arm-none-eabi/4.8/../../../arm-none-eabi/lib/armv7-m/libc_nano.a(lib_a-memset.o)
 .comment       0x000000c8       0x2c /usr/lib/gcc/arm-none-eabi/4.8/../../../arm-none-eabi/lib/armv7-m/libc_nano.a(lib_a-nano-freer.o)
 .comment       0x000000c8       0x2c /usr/lib/gcc/arm-none-eabi/4.8/../../../arm-none-eabi/lib/armv7-m/libc_nano.a(lib_a-nano-mallocr.o)
 .comment       0x000000c8       0x2c /usr/lib/gcc/arm-none-eabi/4.8/../../../arm-none-eabi/lib/armv7-m/libc_nano.a(lib_a-nano-vfprintf.o)
 .comment       0x000000c8       0x2c /usr/lib/gcc/arm-none-eabi/4.8/../../../arm-none-eabi/lib/armv7-m/libc_nano.a(lib_a-reent.o)
 .comment       0x000000c8       0x2c /usr/lib/gcc/arm-none-eabi/4.8/../../../arm-none-eabi/lib/armv7-m/libc_nano.a(lib_a-sbrkr.o)
 .comment       0x000000c8       0x2c /usr/lib/gcc/arm-none-eabi/4.8/../../../arm-none-eabi/lib/armv7-m/libc_nano.a(lib_a-stdio.o)
 .comment       0x000000c8       0x2c /usr/lib/gcc/arm-none-eabi/4.8/../../../arm-none-eabi/lib/armv7-m/libc_nano.a(lib_a-strlen.o)
 .comment       0x000000c8       0x2c /usr/lib/gcc/arm-none-eabi/4.8/../../../arm-none-eabi/lib/armv7-m/libc_nano.a(lib_a-wbuf.o)
 .comment       0x000000c8       0x2c /usr/lib/gcc/arm-none-eabi/4.8/../../../arm-none-eabi/lib/armv7-m/libc_nano.a(lib_a-writer.o)
 .comment       0x000000c8       0x2c /usr/lib/gcc/arm-none-eabi/4.8/../../../arm-none-eabi/lib/armv7-m/libc_nano.a(lib_a-wsetup.o)
 .comment       0x000000c8       0x2c /usr/lib/gcc/arm-none-eabi/4.8/../../../arm-none-eabi/lib/armv7-m/libc_nano.a(lib_a-closer.o)
 .comment       0x000000c8       0x2c /usr/lib/gcc/arm-none-eabi/4.8/../../../arm-none-eabi/lib/armv7-m/libc_nano.a(lib_a-fstatr.o)
 .comment       0x000000c8       0x2c /usr/lib/gcc/arm-none-eabi/4.8/../../../arm-none-eabi/lib/armv7-m/libc_nano.a(lib_a-isattyr.o)
 .comment       0x000000c8       0x2c /usr/lib/gcc/arm-none-eabi/4.8/../../../arm-none-eabi/lib/armv7-m/libc_nano.a(lib_a-lseekr.o)
 .comment       0x000000c8       0x2c /usr/lib/gcc/arm-none-eabi/4.8/../../../arm-none-eabi/lib/armv7-m/libc_nano.a(lib_a-nano-vfprintf_i.o)
 .comment       0x000000c8       0x2c /usr/lib/gcc/arm-none-eabi/4.8/../../../arm-none-eabi/lib/armv7-m/libc_nano.a(lib_a-readr.o)
 .comment       0x000000c8       0x2e /usr/lib/gcc/arm-none-eabi/4.8/armv7-m/crtend.o

.debug_info     0x00000000    0x1cd24
 .debug_info    0x00000000     0x2fe8 LPC1768/main.o
 .debug_info    0x00002fe8      0x4e8 LPC1768/gcc4mbed.o
 .debug_info    0x000034d0      0x41f ../../external/mbed/Release/NXP_LPC17XX/mbed.a(ticker_api.o)
 .debug_info    0x000038ef      0x837 ../../external/mbed/Release/NXP_LPC17XX/mbed.a(semihost_api.o)
 .debug_info    0x00004126      0x16e ../../external/mbed/Release/NXP_LPC17XX/mbed.a(wait_api.o)
 .debug_info    0x00004294      0x960 ../../external/mbed/Release/NXP_LPC17XX/mbed.a(error.o)
 .debug_info    0x00004bf4      0xbfd ../../external/mbed/Release/NXP_LPC17XX/mbed.a(board.o)
 .debug_info    0x000057f1      0x290 ../../external/mbed/Release/NXP_LPC17XX/mbed.a(us_ticker_api.o)
 .debug_info    0x00005a81      0x3a9 ../../external/mbed/Release/NXP_LPC17XX/mbed.a(mbed_interface.o)
 .debug_info    0x00005e2a     0x1043 ../../external/mbed/Release/NXP_LPC17XX/mbed.a(gpio.o)
 .debug_info    0x00006e6d      0xc41 ../../external/mbed/Release/NXP_LPC17XX/mbed.a(pinmap_common.o)
 .debug_info    0x00007aae      0x413 ../../external/mbed/Release/NXP_LPC17XX/mbed.a(cmsis_nvic.o)
 .debug_info    0x00007ec1      0x32e ../../external/mbed/Release/NXP_LPC17XX/mbed.a(system_LPC17xx.o)
 .debug_info    0x000081ef      0xe30 ../../external/mbed/Release/NXP_LPC17XX/mbed.a(gpio_api.o)
 .debug_info    0x0000901f      0x7d2 ../../external/mbed/Release/NXP_LPC17XX/mbed.a(us_ticker.o)
 .debug_info    0x000097f1      0xab2 ../../external/mbed/Release/NXP_LPC17XX/mbed.a(pinmap.o)
 .debug_info    0x0000a2a3     0x22b0 ../../external/mbed/Release/NXP_LPC17XX/mbed.a(serial_api.o)
 .debug_info    0x0000c553     0x3221 ../../external/mbed/Release/NXP_LPC17XX/mbed.a(retarget.o)
 .debug_info    0x0000f774       0xcd ../../external/mbed/Release/NXP_LPC17XX/mbed.a(startup_LPC17xx.o)
 .debug_info    0x0000f841       0xb3 /usr/lib/gcc/arm-none-eabi/4.8/armv7-m/libgcc.a(_arm_muldivsf3.o)
 .debug_info    0x0000f8f4       0xb3 /usr/lib/gcc/arm-none-eabi/4.8/armv7-m/libgcc.a(_arm_fixsfsi.o)
 .debug_info    0x0000f9a7      0x735 /usr/lib/gcc/arm-none-eabi/4.8/../../../arm-none-eabi/lib/armv7-m/libc_nano.a(lib_a-errno.o)
 .debug_info    0x000100dc      0x7a6 /usr/lib/gcc/arm-none-eabi/4.8/../../../arm-none-eabi/lib/armv7-m/libc_nano.a(lib_a-exit.o)
 .debug_info    0x00010882      0x932 /usr/lib/gcc/arm-none-eabi/4.8/../../../arm-none-eabi/lib/armv7-m/libc_nano.a(lib_a-fclose.o)
 .debug_info    0x000111b4      0x9fe /usr/lib/gcc/arm-none-eabi/4.8/../../../arm-none-eabi/lib/armv7-m/libc_nano.a(lib_a-fflush.o)
 .debug_info    0x00011bb2      0xd2c /usr/lib/gcc/arm-none-eabi/4.8/../../../arm-none-eabi/lib/armv7-m/libc_nano.a(lib_a-findfp.o)
 .debug_info    0x000128de      0x846 /usr/lib/gcc/arm-none-eabi/4.8/../../../arm-none-eabi/lib/armv7-m/libc_nano.a(lib_a-fwalk.o)
 .debug_info    0x00013124      0x7d3 /usr/lib/gcc/arm-none-eabi/4.8/../../../arm-none-eabi/lib/armv7-m/libc_nano.a(lib_a-impure.o)
 .debug_info    0x000138f7      0x105 /usr/lib/gcc/arm-none-eabi/4.8/../../../arm-none-eabi/lib/armv7-m/libc_nano.a(lib_a-init.o)
 .debug_info    0x000139fc      0x98c /usr/lib/gcc/arm-none-eabi/4.8/../../../arm-none-eabi/lib/armv7-m/libc_nano.a(lib_a-makebuf.o)
 .debug_info    0x00014388       0xf8 /usr/lib/gcc/arm-none-eabi/4.8/../../../arm-none-eabi/lib/armv7-m/libc_nano.a(lib_a-memchr-stub.o)
 .debug_info    0x00014480       0xd3 /usr/lib/gcc/arm-none-eabi/4.8/../../../arm-none-eabi/lib/armv7-m/libc_nano.a(lib_a-memset.o)
 .debug_info    0x00014553      0x81a /usr/lib/gcc/arm-none-eabi/4.8/../../../arm-none-eabi/lib/armv7-m/libc_nano.a(lib_a-nano-freer.o)
 .debug_info    0x00014d6d      0x8fb /usr/lib/gcc/arm-none-eabi/4.8/../../../arm-none-eabi/lib/armv7-m/libc_nano.a(lib_a-nano-mallocr.o)
 .debug_info    0x00015668      0xe05 /usr/lib/gcc/arm-none-eabi/4.8/../../../arm-none-eabi/lib/armv7-m/libc_nano.a(lib_a-nano-vfprintf.o)
 .debug_info    0x0001646d      0x8f7 /usr/lib/gcc/arm-none-eabi/4.8/../../../arm-none-eabi/lib/armv7-m/libc_nano.a(lib_a-reent.o)
 .debug_info    0x00016d64      0x7a0 /usr/lib/gcc/arm-none-eabi/4.8/../../../arm-none-eabi/lib/armv7-m/libc_nano.a(lib_a-sbrkr.o)
 .debug_info    0x00017504      0xa36 /usr/lib/gcc/arm-none-eabi/4.8/../../../arm-none-eabi/lib/armv7-m/libc_nano.a(lib_a-stdio.o)
 .debug_info    0x00017f3a       0xdd /usr/lib/gcc/arm-none-eabi/4.8/../../../arm-none-eabi/lib/armv7-m/libc_nano.a(lib_a-strcmp.o)
 .debug_info    0x00018017       0xcd /usr/lib/gcc/arm-none-eabi/4.8/../../../arm-none-eabi/lib/armv7-m/libc_nano.a(lib_a-strlen.o)
 .debug_info    0x000180e4      0x916 /usr/lib/gcc/arm-none-eabi/4.8/../../../arm-none-eabi/lib/armv7-m/libc_nano.a(lib_a-wbuf.o)
 .debug_info    0x000189fa      0x7d5 /usr/lib/gcc/arm-none-eabi/4.8/../../../arm-none-eabi/lib/armv7-m/libc_nano.a(lib_a-writer.o)
 .debug_info    0x000191cf      0x881 /usr/lib/gcc/arm-none-eabi/4.8/../../../arm-none-eabi/lib/armv7-m/libc_nano.a(lib_a-wsetup.o)
 .debug_info    0x00019a50      0x78c /usr/lib/gcc/arm-none-eabi/4.8/../../../arm-none-eabi/lib/armv7-m/libc_nano.a(lib_a-closer.o)
 .debug_info    0x0001a1dc      0x90a /usr/lib/gcc/arm-none-eabi/4.8/../../../arm-none-eabi/lib/armv7-m/libc_nano.a(lib_a-fstatr.o)
 .debug_info    0x0001aae6      0x78c /usr/lib/gcc/arm-none-eabi/4.8/../../../arm-none-eabi/lib/armv7-m/libc_nano.a(lib_a-isattyr.o)
 .debug_info    0x0001b272      0x7b8 /usr/lib/gcc/arm-none-eabi/4.8/../../../arm-none-eabi/lib/armv7-m/libc_nano.a(lib_a-lseekr.o)
 .debug_info    0x0001ba2a      0xb2c /usr/lib/gcc/arm-none-eabi/4.8/../../../arm-none-eabi/lib/armv7-m/libc_nano.a(lib_a-nano-vfprintf_i.o)
 .debug_info    0x0001c556      0x7ce /usr/lib/gcc/arm-none-eabi/4.8/../../../arm-none-eabi/lib/armv7-m/libc_nano.a(lib_a-readr.o)

.debug_abbrev   0x00000000     0x56dc
 .debug_abbrev  0x00000000      0x58e LPC1768/main.o
 .debug_abbrev  0x0000058e      0x213 LPC1768/gcc4mbed.o
 .debug_abbrev  0x000007a1      0x1d9 ../../external/mbed/Release/NXP_LPC17XX/mbed.a(ticker_api.o)
 .debug_abbrev  0x0000097a      0x1f0 ../../external/mbed/Release/NXP_LPC17XX/mbed.a(semihost_api.o)
 .debug_abbrev  0x00000b6a       0xea ../../external/mbed/Release/NXP_LPC17XX/mbed.a(wait_api.o)
 .debug_abbrev  0x00000c54      0x213 ../../external/mbed/Release/NXP_LPC17XX/mbed.a(error.o)
 .debug_abbrev  0x00000e67      0x190 ../../external/mbed/Release/NXP_LPC17XX/mbed.a(board.o)
 .debug_abbrev  0x00000ff7      0x12c ../../external/mbed/Release/NXP_LPC17XX/mbed.a(us_ticker_api.o)
 .debug_abbrev  0x00001123      0x1c0 ../../external/mbed/Release/NXP_LPC17XX/mbed.a(mbed_interface.o)
 .debug_abbrev  0x000012e3      0x1f3 ../../external/mbed/Release/NXP_LPC17XX/mbed.a(gpio.o)
 .debug_abbrev  0x000014d6      0x1b6 ../../external/mbed/Release/NXP_LPC17XX/mbed.a(pinmap_common.o)
 .debug_abbrev  0x0000168c      0x159 ../../external/mbed/Release/NXP_LPC17XX/mbed.a(cmsis_nvic.o)
 .debug_abbrev  0x000017e5       0xe6 ../../external/mbed/Release/NXP_LPC17XX/mbed.a(system_LPC17xx.o)
 .debug_abbrev  0x000018cb      0x1da ../../external/mbed/Release/NXP_LPC17XX/mbed.a(gpio_api.o)
 .debug_abbrev  0x00001aa5      0x282 ../../external/mbed/Release/NXP_LPC17XX/mbed.a(us_ticker.o)
 .debug_abbrev  0x00001d27       0xf5 ../../external/mbed/Release/NXP_LPC17XX/mbed.a(pinmap.o)
 .debug_abbrev  0x00001e1c      0x4e3 ../../external/mbed/Release/NXP_LPC17XX/mbed.a(serial_api.o)
 .debug_abbrev  0x000022ff      0x77c ../../external/mbed/Release/NXP_LPC17XX/mbed.a(retarget.o)
 .debug_abbrev  0x00002a7b       0x14 ../../external/mbed/Release/NXP_LPC17XX/mbed.a(startup_LPC17xx.o)
 .debug_abbrev  0x00002a8f       0x14 /usr/lib/gcc/arm-none-eabi/4.8/armv7-m/libgcc.a(_arm_muldivsf3.o)
 .debug_abbrev  0x00002aa3       0x14 /usr/lib/gcc/arm-none-eabi/4.8/armv7-m/libgcc.a(_arm_fixsfsi.o)
 .debug_abbrev  0x00002ab7      0x134 /usr/lib/gcc/arm-none-eabi/4.8/../../../arm-none-eabi/lib/armv7-m/libc_nano.a(lib_a-errno.o)
 .debug_abbrev  0x00002beb      0x18b /usr/lib/gcc/arm-none-eabi/4.8/../../../arm-none-eabi/lib/armv7-m/libc_nano.a(lib_a-exit.o)
 .debug_abbrev  0x00002d76      0x21a /usr/lib/gcc/arm-none-eabi/4.8/../../../arm-none-eabi/lib/armv7-m/libc_nano.a(lib_a-fclose.o)
 .debug_abbrev  0x00002f90      0x23f /usr/lib/gcc/arm-none-eabi/4.8/../../../arm-none-eabi/lib/armv7-m/libc_nano.a(lib_a-fflush.o)
 .debug_abbrev  0x000031cf      0x2d7 /usr/lib/gcc/arm-none-eabi/4.8/../../../arm-none-eabi/lib/armv7-m/libc_nano.a(lib_a-findfp.o)
 .debug_abbrev  0x000034a6      0x176 /usr/lib/gcc/arm-none-eabi/4.8/../../../arm-none-eabi/lib/armv7-m/libc_nano.a(lib_a-fwalk.o)
 .debug_abbrev  0x0000361c      0x136 /usr/lib/gcc/arm-none-eabi/4.8/../../../arm-none-eabi/lib/armv7-m/libc_nano.a(lib_a-impure.o)
 .debug_abbrev  0x00003752       0xba /usr/lib/gcc/arm-none-eabi/4.8/../../../arm-none-eabi/lib/armv7-m/libc_nano.a(lib_a-init.o)
 .debug_abbrev  0x0000380c      0x1ab /usr/lib/gcc/arm-none-eabi/4.8/../../../arm-none-eabi/lib/armv7-m/libc_nano.a(lib_a-makebuf.o)
 .debug_abbrev  0x000039b7       0xab /usr/lib/gcc/arm-none-eabi/4.8/../../../arm-none-eabi/lib/armv7-m/libc_nano.a(lib_a-memchr-stub.o)
 .debug_abbrev  0x00003a62       0x8e /usr/lib/gcc/arm-none-eabi/4.8/../../../arm-none-eabi/lib/armv7-m/libc_nano.a(lib_a-memset.o)
 .debug_abbrev  0x00003af0      0x1b6 /usr/lib/gcc/arm-none-eabi/4.8/../../../arm-none-eabi/lib/armv7-m/libc_nano.a(lib_a-nano-freer.o)
 .debug_abbrev  0x00003ca6      0x250 /usr/lib/gcc/arm-none-eabi/4.8/../../../arm-none-eabi/lib/armv7-m/libc_nano.a(lib_a-nano-mallocr.o)
 .debug_abbrev  0x00003ef6      0x2a5 /usr/lib/gcc/arm-none-eabi/4.8/../../../arm-none-eabi/lib/armv7-m/libc_nano.a(lib_a-nano-vfprintf.o)
 .debug_abbrev  0x0000419b      0x1fb /usr/lib/gcc/arm-none-eabi/4.8/../../../arm-none-eabi/lib/armv7-m/libc_nano.a(lib_a-reent.o)
 .debug_abbrev  0x00004396      0x1a2 /usr/lib/gcc/arm-none-eabi/4.8/../../../arm-none-eabi/lib/armv7-m/libc_nano.a(lib_a-sbrkr.o)
 .debug_abbrev  0x00004538      0x1eb /usr/lib/gcc/arm-none-eabi/4.8/../../../arm-none-eabi/lib/armv7-m/libc_nano.a(lib_a-stdio.o)
 .debug_abbrev  0x00004723       0x14 /usr/lib/gcc/arm-none-eabi/4.8/../../../arm-none-eabi/lib/armv7-m/libc_nano.a(lib_a-strcmp.o)
 .debug_abbrev  0x00004737       0x8c /usr/lib/gcc/arm-none-eabi/4.8/../../../arm-none-eabi/lib/armv7-m/libc_nano.a(lib_a-strlen.o)
 .debug_abbrev  0x000047c3      0x1f7 /usr/lib/gcc/arm-none-eabi/4.8/../../../arm-none-eabi/lib/armv7-m/libc_nano.a(lib_a-wbuf.o)
 .debug_abbrev  0x000049ba      0x199 /usr/lib/gcc/arm-none-eabi/4.8/../../../arm-none-eabi/lib/armv7-m/libc_nano.a(lib_a-writer.o)
 .debug_abbrev  0x00004b53      0x1a5 /usr/lib/gcc/arm-none-eabi/4.8/../../../arm-none-eabi/lib/armv7-m/libc_nano.a(lib_a-wsetup.o)
 .debug_abbrev  0x00004cf8      0x194 /usr/lib/gcc/arm-none-eabi/4.8/../../../arm-none-eabi/lib/armv7-m/libc_nano.a(lib_a-closer.o)
 .debug_abbrev  0x00004e8c      0x1a3 /usr/lib/gcc/arm-none-eabi/4.8/../../../arm-none-eabi/lib/armv7-m/libc_nano.a(lib_a-fstatr.o)
 .debug_abbrev  0x0000502f      0x194 /usr/lib/gcc/arm-none-eabi/4.8/../../../arm-none-eabi/lib/armv7-m/libc_nano.a(lib_a-isattyr.o)
 .debug_abbrev  0x000051c3      0x1a3 /usr/lib/gcc/arm-none-eabi/4.8/../../../arm-none-eabi/lib/armv7-m/libc_nano.a(lib_a-lseekr.o)
 .debug_abbrev  0x00005366      0x1e2 /usr/lib/gcc/arm-none-eabi/4.8/../../../arm-none-eabi/lib/armv7-m/libc_nano.a(lib_a-nano-vfprintf_i.o)
 .debug_abbrev  0x00005548      0x194 /usr/lib/gcc/arm-none-eabi/4.8/../../../arm-none-eabi/lib/armv7-m/libc_nano.a(lib_a-readr.o)

.debug_loc      0x00000000     0x61b4
 .debug_loc     0x00000000      0xcc7 LPC1768/main.o
 .debug_loc     0x00000cc7      0x1e3 LPC1768/gcc4mbed.o
 .debug_loc     0x00000eaa      0x337 ../../external/mbed/Release/NXP_LPC17XX/mbed.a(ticker_api.o)
 .debug_loc     0x000011e1      0x3e1 ../../external/mbed/Release/NXP_LPC17XX/mbed.a(semihost_api.o)
 .debug_loc     0x000015c2       0x62 ../../external/mbed/Release/NXP_LPC17XX/mbed.a(wait_api.o)
 .debug_loc     0x00001624       0xc8 ../../external/mbed/Release/NXP_LPC17XX/mbed.a(mbed_interface.o)
 .debug_loc     0x000016ec      0x9ed ../../external/mbed/Release/NXP_LPC17XX/mbed.a(gpio.o)
 .debug_loc     0x000020d9      0x346 ../../external/mbed/Release/NXP_LPC17XX/mbed.a(pinmap_common.o)
 .debug_loc     0x0000241f       0x6e ../../external/mbed/Release/NXP_LPC17XX/mbed.a(cmsis_nvic.o)
 .debug_loc     0x0000248d      0x15d ../../external/mbed/Release/NXP_LPC17XX/mbed.a(gpio_api.o)
 .debug_loc     0x000025ea       0x23 ../../external/mbed/Release/NXP_LPC17XX/mbed.a(us_ticker.o)
 .debug_loc     0x0000260d      0x22c ../../external/mbed/Release/NXP_LPC17XX/mbed.a(pinmap.o)
 .debug_loc     0x00002839      0xf94 ../../external/mbed/Release/NXP_LPC17XX/mbed.a(serial_api.o)
 .debug_loc     0x000037cd      0xb51 ../../external/mbed/Release/NXP_LPC17XX/mbed.a(retarget.o)
 .debug_loc     0x0000431e       0x1e /usr/lib/gcc/arm-none-eabi/4.8/../../../arm-none-eabi/lib/armv7-m/libc_nano.a(lib_a-exit.o)
 .debug_loc     0x0000433c       0xf7 /usr/lib/gcc/arm-none-eabi/4.8/../../../arm-none-eabi/lib/armv7-m/libc_nano.a(lib_a-fclose.o)
 .debug_loc     0x00004433      0x24c /usr/lib/gcc/arm-none-eabi/4.8/../../../arm-none-eabi/lib/armv7-m/libc_nano.a(lib_a-fflush.o)
 .debug_loc     0x0000467f      0x1e2 /usr/lib/gcc/arm-none-eabi/4.8/../../../arm-none-eabi/lib/armv7-m/libc_nano.a(lib_a-findfp.o)
 .debug_loc     0x00004861      0x11f /usr/lib/gcc/arm-none-eabi/4.8/../../../arm-none-eabi/lib/armv7-m/libc_nano.a(lib_a-fwalk.o)
 .debug_loc     0x00004980       0x54 /usr/lib/gcc/arm-none-eabi/4.8/../../../arm-none-eabi/lib/armv7-m/libc_nano.a(lib_a-init.o)
 .debug_loc     0x000049d4       0xe0 /usr/lib/gcc/arm-none-eabi/4.8/../../../arm-none-eabi/lib/armv7-m/libc_nano.a(lib_a-makebuf.o)
 .debug_loc     0x00004ab4       0xaa /usr/lib/gcc/arm-none-eabi/4.8/../../../arm-none-eabi/lib/armv7-m/libc_nano.a(lib_a-memchr-stub.o)
 .debug_loc     0x00004b5e       0x57 /usr/lib/gcc/arm-none-eabi/4.8/../../../arm-none-eabi/lib/armv7-m/libc_nano.a(lib_a-memset.o)
 .debug_loc     0x00004bb5      0x172 /usr/lib/gcc/arm-none-eabi/4.8/../../../arm-none-eabi/lib/armv7-m/libc_nano.a(lib_a-nano-freer.o)
 .debug_loc     0x00004d27      0x26a /usr/lib/gcc/arm-none-eabi/4.8/../../../arm-none-eabi/lib/armv7-m/libc_nano.a(lib_a-nano-mallocr.o)
 .debug_loc     0x00004f91      0x4d0 /usr/lib/gcc/arm-none-eabi/4.8/../../../arm-none-eabi/lib/armv7-m/libc_nano.a(lib_a-nano-vfprintf.o)
 .debug_loc     0x00005461      0x105 /usr/lib/gcc/arm-none-eabi/4.8/../../../arm-none-eabi/lib/armv7-m/libc_nano.a(lib_a-reent.o)
 .debug_loc     0x00005566       0x4d /usr/lib/gcc/arm-none-eabi/4.8/../../../arm-none-eabi/lib/armv7-m/libc_nano.a(lib_a-sbrkr.o)
 .debug_loc     0x000055b3      0x236 /usr/lib/gcc/arm-none-eabi/4.8/../../../arm-none-eabi/lib/armv7-m/libc_nano.a(lib_a-stdio.o)
 .debug_loc     0x000057e9       0x21 /usr/lib/gcc/arm-none-eabi/4.8/../../../arm-none-eabi/lib/armv7-m/libc_nano.a(lib_a-strlen.o)
 .debug_loc     0x0000580a      0x113 /usr/lib/gcc/arm-none-eabi/4.8/../../../arm-none-eabi/lib/armv7-m/libc_nano.a(lib_a-wbuf.o)
 .debug_loc     0x0000591d       0xa5 /usr/lib/gcc/arm-none-eabi/4.8/../../../arm-none-eabi/lib/armv7-m/libc_nano.a(lib_a-writer.o)
 .debug_loc     0x000059c2       0x5d /usr/lib/gcc/arm-none-eabi/4.8/../../../arm-none-eabi/lib/armv7-m/libc_nano.a(lib_a-wsetup.o)
 .debug_loc     0x00005a1f       0x4d /usr/lib/gcc/arm-none-eabi/4.8/../../../arm-none-eabi/lib/armv7-m/libc_nano.a(lib_a-closer.o)
 .debug_loc     0x00005a6c       0x79 /usr/lib/gcc/arm-none-eabi/4.8/../../../arm-none-eabi/lib/armv7-m/libc_nano.a(lib_a-fstatr.o)
 .debug_loc     0x00005ae5       0x4d /usr/lib/gcc/arm-none-eabi/4.8/../../../arm-none-eabi/lib/armv7-m/libc_nano.a(lib_a-isattyr.o)
 .debug_loc     0x00005b32       0xa5 /usr/lib/gcc/arm-none-eabi/4.8/../../../arm-none-eabi/lib/armv7-m/libc_nano.a(lib_a-lseekr.o)
 .debug_loc     0x00005bd7      0x538 /usr/lib/gcc/arm-none-eabi/4.8/../../../arm-none-eabi/lib/armv7-m/libc_nano.a(lib_a-nano-vfprintf_i.o)
 .debug_loc     0x0000610f       0xa5 /usr/lib/gcc/arm-none-eabi/4.8/../../../arm-none-eabi/lib/armv7-m/libc_nano.a(lib_a-readr.o)

.debug_aranges  0x00000000      0xaa8
 .debug_aranges
                0x00000000       0x30 LPC1768/main.o
 .debug_aranges
                0x00000030       0x68 LPC1768/gcc4mbed.o
 .debug_aranges
                0x00000098       0x48 ../../external/mbed/Release/NXP_LPC17XX/mbed.a(ticker_api.o)
 .debug_aranges
                0x000000e0       0xa0 ../../external/mbed/Release/NXP_LPC17XX/mbed.a(semihost_api.o)
 .debug_aranges
                0x00000180       0x30 ../../external/mbed/Release/NXP_LPC17XX/mbed.a(wait_api.o)
 .debug_aranges
                0x000001b0       0x20 ../../external/mbed/Release/NXP_LPC17XX/mbed.a(error.o)
 .debug_aranges
                0x000001d0       0x20 ../../external/mbed/Release/NXP_LPC17XX/mbed.a(board.o)
 .debug_aranges
                0x000001f0       0x28 ../../external/mbed/Release/NXP_LPC17XX/mbed.a(us_ticker_api.o)
 .debug_aranges
                0x00000218       0x58 ../../external/mbed/Release/NXP_LPC17XX/mbed.a(mbed_interface.o)
 .debug_aranges
                0x00000270       0x40 ../../external/mbed/Release/NXP_LPC17XX/mbed.a(gpio.o)
 .debug_aranges
                0x000002b0       0x48 ../../external/mbed/Release/NXP_LPC17XX/mbed.a(pinmap_common.o)
 .debug_aranges
                0x000002f8       0x28 ../../external/mbed/Release/NXP_LPC17XX/mbed.a(cmsis_nvic.o)
 .debug_aranges
                0x00000320       0x28 ../../external/mbed/Release/NXP_LPC17XX/mbed.a(system_LPC17xx.o)
 .debug_aranges
                0x00000348       0x38 ../../external/mbed/Release/NXP_LPC17XX/mbed.a(gpio_api.o)
 .debug_aranges
                0x00000380       0x48 ../../external/mbed/Release/NXP_LPC17XX/mbed.a(us_ticker.o)
 .debug_aranges
                0x000003c8       0x28 ../../external/mbed/Release/NXP_LPC17XX/mbed.a(pinmap.o)
 .debug_aranges
                0x000003f0       0xb8 ../../external/mbed/Release/NXP_LPC17XX/mbed.a(serial_api.o)
 .debug_aranges
                0x000004a8      0x148 ../../external/mbed/Release/NXP_LPC17XX/mbed.a(retarget.o)
 .debug_aranges
                0x000005f0       0x20 ../../external/mbed/Release/NXP_LPC17XX/mbed.a(startup_LPC17xx.o)
 .debug_aranges
                0x00000610       0x20 /usr/lib/gcc/arm-none-eabi/4.8/armv7-m/libgcc.a(_arm_muldivsf3.o)
 .debug_aranges
                0x00000630       0x20 /usr/lib/gcc/arm-none-eabi/4.8/armv7-m/libgcc.a(_arm_fixsfsi.o)
 .debug_aranges
                0x00000650       0x20 /usr/lib/gcc/arm-none-eabi/4.8/../../../arm-none-eabi/lib/armv7-m/libc_nano.a(lib_a-errno.o)
 .debug_aranges
                0x00000670       0x20 /usr/lib/gcc/arm-none-eabi/4.8/../../../arm-none-eabi/lib/armv7-m/libc_nano.a(lib_a-exit.o)
 .debug_aranges
                0x00000690       0x28 /usr/lib/gcc/arm-none-eabi/4.8/../../../arm-none-eabi/lib/armv7-m/libc_nano.a(lib_a-fclose.o)
 .debug_aranges
                0x000006b8       0x30 /usr/lib/gcc/arm-none-eabi/4.8/../../../arm-none-eabi/lib/armv7-m/libc_nano.a(lib_a-fflush.o)
 .debug_aranges
                0x000006e8       0x88 /usr/lib/gcc/arm-none-eabi/4.8/../../../arm-none-eabi/lib/armv7-m/libc_nano.a(lib_a-findfp.o)
 .debug_aranges
                0x00000770       0x28 /usr/lib/gcc/arm-none-eabi/4.8/../../../arm-none-eabi/lib/armv7-m/libc_nano.a(lib_a-fwalk.o)
 .debug_aranges
                0x00000798       0x18 /usr/lib/gcc/arm-none-eabi/4.8/../../../arm-none-eabi/lib/armv7-m/libc_nano.a(lib_a-impure.o)
 .debug_aranges
                0x000007b0       0x20 /usr/lib/gcc/arm-none-eabi/4.8/../../../arm-none-eabi/lib/armv7-m/libc_nano.a(lib_a-init.o)
 .debug_aranges
                0x000007d0       0x20 /usr/lib/gcc/arm-none-eabi/4.8/../../../arm-none-eabi/lib/armv7-m/libc_nano.a(lib_a-makebuf.o)
 .debug_aranges
                0x000007f0       0x20 /usr/lib/gcc/arm-none-eabi/4.8/../../../arm-none-eabi/lib/armv7-m/libc_nano.a(lib_a-memchr-stub.o)
 .debug_aranges
                0x00000810       0x20 /usr/lib/gcc/arm-none-eabi/4.8/../../../arm-none-eabi/lib/armv7-m/libc_nano.a(lib_a-memset.o)
 .debug_aranges
                0x00000830       0x20 /usr/lib/gcc/arm-none-eabi/4.8/../../../arm-none-eabi/lib/armv7-m/libc_nano.a(lib_a-nano-freer.o)
 .debug_aranges
                0x00000850       0x20 /usr/lib/gcc/arm-none-eabi/4.8/../../../arm-none-eabi/lib/armv7-m/libc_nano.a(lib_a-nano-mallocr.o)
 .debug_aranges
                0x00000870       0x40 /usr/lib/gcc/arm-none-eabi/4.8/../../../arm-none-eabi/lib/armv7-m/libc_nano.a(lib_a-nano-vfprintf.o)
 .debug_aranges
                0x000008b0       0x28 /usr/lib/gcc/arm-none-eabi/4.8/../../../arm-none-eabi/lib/armv7-m/libc_nano.a(lib_a-reent.o)
 .debug_aranges
                0x000008d8       0x20 /usr/lib/gcc/arm-none-eabi/4.8/../../../arm-none-eabi/lib/armv7-m/libc_nano.a(lib_a-sbrkr.o)
 .debug_aranges
                0x000008f8       0x40 /usr/lib/gcc/arm-none-eabi/4.8/../../../arm-none-eabi/lib/armv7-m/libc_nano.a(lib_a-stdio.o)
 .debug_aranges
                0x00000938       0x20 /usr/lib/gcc/arm-none-eabi/4.8/../../../arm-none-eabi/lib/armv7-m/libc_nano.a(lib_a-strcmp.o)
 .debug_aranges
                0x00000958       0x20 /usr/lib/gcc/arm-none-eabi/4.8/../../../arm-none-eabi/lib/armv7-m/libc_nano.a(lib_a-strlen.o)
 .debug_aranges
                0x00000978       0x28 /usr/lib/gcc/arm-none-eabi/4.8/../../../arm-none-eabi/lib/armv7-m/libc_nano.a(lib_a-wbuf.o)
 .debug_aranges
                0x000009a0       0x20 /usr/lib/gcc/arm-none-eabi/4.8/../../../arm-none-eabi/lib/armv7-m/libc_nano.a(lib_a-writer.o)
 .debug_aranges
                0x000009c0       0x20 /usr/lib/gcc/arm-none-eabi/4.8/../../../arm-none-eabi/lib/armv7-m/libc_nano.a(lib_a-wsetup.o)
 .debug_aranges
                0x000009e0       0x20 /usr/lib/gcc/arm-none-eabi/4.8/../../../arm-none-eabi/lib/armv7-m/libc_nano.a(lib_a-closer.o)
 .debug_aranges
                0x00000a00       0x20 /usr/lib/gcc/arm-none-eabi/4.8/../../../arm-none-eabi/lib/armv7-m/libc_nano.a(lib_a-fstatr.o)
 .debug_aranges
                0x00000a20       0x20 /usr/lib/gcc/arm-none-eabi/4.8/../../../arm-none-eabi/lib/armv7-m/libc_nano.a(lib_a-isattyr.o)
 .debug_aranges
                0x00000a40       0x20 /usr/lib/gcc/arm-none-eabi/4.8/../../../arm-none-eabi/lib/armv7-m/libc_nano.a(lib_a-lseekr.o)
 .debug_aranges
                0x00000a60       0x28 /usr/lib/gcc/arm-none-eabi/4.8/../../../arm-none-eabi/lib/armv7-m/libc_nano.a(lib_a-nano-vfprintf_i.o)
 .debug_aranges
                0x00000a88       0x20 /usr/lib/gcc/arm-none-eabi/4.8/../../../arm-none-eabi/lib/armv7-m/libc_nano.a(lib_a-readr.o)

.debug_ranges   0x00000000      0xf98
 .debug_ranges  0x00000000      0x2d8 LPC1768/main.o
 .debug_ranges  0x000002d8       0x58 LPC1768/gcc4mbed.o
 .debug_ranges  0x00000330       0x88 ../../external/mbed/Release/NXP_LPC17XX/mbed.a(ticker_api.o)
 .debug_ranges  0x000003b8      0x138 ../../external/mbed/Release/NXP_LPC17XX/mbed.a(semihost_api.o)
 .debug_ranges  0x000004f0       0x20 ../../external/mbed/Release/NXP_LPC17XX/mbed.a(wait_api.o)
 .debug_ranges  0x00000510       0x10 ../../external/mbed/Release/NXP_LPC17XX/mbed.a(error.o)
 .debug_ranges  0x00000520      0x100 ../../external/mbed/Release/NXP_LPC17XX/mbed.a(board.o)
 .debug_ranges  0x00000620       0x18 ../../external/mbed/Release/NXP_LPC17XX/mbed.a(us_ticker_api.o)
 .debug_ranges  0x00000638       0x60 ../../external/mbed/Release/NXP_LPC17XX/mbed.a(mbed_interface.o)
 .debug_ranges  0x00000698      0x140 ../../external/mbed/Release/NXP_LPC17XX/mbed.a(gpio.o)
 .debug_ranges  0x000007d8       0x38 ../../external/mbed/Release/NXP_LPC17XX/mbed.a(pinmap_common.o)
 .debug_ranges  0x00000810       0x18 ../../external/mbed/Release/NXP_LPC17XX/mbed.a(cmsis_nvic.o)
 .debug_ranges  0x00000828       0x18 ../../external/mbed/Release/NXP_LPC17XX/mbed.a(system_LPC17xx.o)
 .debug_ranges  0x00000840       0x40 ../../external/mbed/Release/NXP_LPC17XX/mbed.a(gpio_api.o)
 .debug_ranges  0x00000880       0x38 ../../external/mbed/Release/NXP_LPC17XX/mbed.a(us_ticker.o)
 .debug_ranges  0x000008b8       0x18 ../../external/mbed/Release/NXP_LPC17XX/mbed.a(pinmap.o)
 .debug_ranges  0x000008d0      0x118 ../../external/mbed/Release/NXP_LPC17XX/mbed.a(serial_api.o)
 .debug_ranges  0x000009e8      0x2c8 ../../external/mbed/Release/NXP_LPC17XX/mbed.a(retarget.o)
 .debug_ranges  0x00000cb0       0x10 /usr/lib/gcc/arm-none-eabi/4.8/../../../arm-none-eabi/lib/armv7-m/libc_nano.a(lib_a-errno.o)
 .debug_ranges  0x00000cc0       0x10 /usr/lib/gcc/arm-none-eabi/4.8/../../../arm-none-eabi/lib/armv7-m/libc_nano.a(lib_a-exit.o)
 .debug_ranges  0x00000cd0       0x18 /usr/lib/gcc/arm-none-eabi/4.8/../../../arm-none-eabi/lib/armv7-m/libc_nano.a(lib_a-fclose.o)
 .debug_ranges  0x00000ce8       0x20 /usr/lib/gcc/arm-none-eabi/4.8/../../../arm-none-eabi/lib/armv7-m/libc_nano.a(lib_a-fflush.o)
 .debug_ranges  0x00000d08       0x78 /usr/lib/gcc/arm-none-eabi/4.8/../../../arm-none-eabi/lib/armv7-m/libc_nano.a(lib_a-findfp.o)
 .debug_ranges  0x00000d80       0x18 /usr/lib/gcc/arm-none-eabi/4.8/../../../arm-none-eabi/lib/armv7-m/libc_nano.a(lib_a-fwalk.o)
 .debug_ranges  0x00000d98       0x10 /usr/lib/gcc/arm-none-eabi/4.8/../../../arm-none-eabi/lib/armv7-m/libc_nano.a(lib_a-init.o)
 .debug_ranges  0x00000da8       0x10 /usr/lib/gcc/arm-none-eabi/4.8/../../../arm-none-eabi/lib/armv7-m/libc_nano.a(lib_a-makebuf.o)
 .debug_ranges  0x00000db8       0x10 /usr/lib/gcc/arm-none-eabi/4.8/../../../arm-none-eabi/lib/armv7-m/libc_nano.a(lib_a-memchr-stub.o)
 .debug_ranges  0x00000dc8       0x10 /usr/lib/gcc/arm-none-eabi/4.8/../../../arm-none-eabi/lib/armv7-m/libc_nano.a(lib_a-memset.o)
 .debug_ranges  0x00000dd8       0x28 /usr/lib/gcc/arm-none-eabi/4.8/../../../arm-none-eabi/lib/armv7-m/libc_nano.a(lib_a-nano-freer.o)
 .debug_ranges  0x00000e00       0x28 /usr/lib/gcc/arm-none-eabi/4.8/../../../arm-none-eabi/lib/armv7-m/libc_nano.a(lib_a-nano-mallocr.o)
 .debug_ranges  0x00000e28       0x30 /usr/lib/gcc/arm-none-eabi/4.8/../../../arm-none-eabi/lib/armv7-m/libc_nano.a(lib_a-nano-vfprintf.o)
 .debug_ranges  0x00000e58       0x30 /usr/lib/gcc/arm-none-eabi/4.8/../../../arm-none-eabi/lib/armv7-m/libc_nano.a(lib_a-reent.o)
 .debug_ranges  0x00000e88       0x10 /usr/lib/gcc/arm-none-eabi/4.8/../../../arm-none-eabi/lib/armv7-m/libc_nano.a(lib_a-sbrkr.o)
 .debug_ranges  0x00000e98       0x30 /usr/lib/gcc/arm-none-eabi/4.8/../../../arm-none-eabi/lib/armv7-m/libc_nano.a(lib_a-stdio.o)
 .debug_ranges  0x00000ec8       0x10 /usr/lib/gcc/arm-none-eabi/4.8/../../../arm-none-eabi/lib/armv7-m/libc_nano.a(lib_a-strlen.o)
 .debug_ranges  0x00000ed8       0x18 /usr/lib/gcc/arm-none-eabi/4.8/../../../arm-none-eabi/lib/armv7-m/libc_nano.a(lib_a-wbuf.o)
 .debug_ranges  0x00000ef0       0x10 /usr/lib/gcc/arm-none-eabi/4.8/../../../arm-none-eabi/lib/armv7-m/libc_nano.a(lib_a-writer.o)
 .debug_ranges  0x00000f00       0x30 /usr/lib/gcc/arm-none-eabi/4.8/../../../arm-none-eabi/lib/armv7-m/libc_nano.a(lib_a-wsetup.o)
 .debug_ranges  0x00000f30       0x10 /usr/lib/gcc/arm-none-eabi/4.8/../../../arm-none-eabi/lib/armv7-m/libc_nano.a(lib_a-closer.o)
 .debug_ranges  0x00000f40       0x10 /usr/lib/gcc/arm-none-eabi/4.8/../../../arm-none-eabi/lib/armv7-m/libc_nano.a(lib_a-fstatr.o)
 .debug_ranges  0x00000f50       0x10 /usr/lib/gcc/arm-none-eabi/4.8/../../../arm-none-eabi/lib/armv7-m/libc_nano.a(lib_a-isattyr.o)
 .debug_ranges  0x00000f60       0x10 /usr/lib/gcc/arm-none-eabi/4.8/../../../arm-none-eabi/lib/armv7-m/libc_nano.a(lib_a-lseekr.o)
 .debug_ranges  0x00000f70       0x18 /usr/lib/gcc/arm-none-eabi/4.8/../../../arm-none-eabi/lib/armv7-m/libc_nano.a(lib_a-nano-vfprintf_i.o)
 .debug_ranges  0x00000f88       0x10 /usr/lib/gcc/arm-none-eabi/4.8/../../../arm-none-eabi/lib/armv7-m/libc_nano.a(lib_a-readr.o)

.debug_macro    0x00000000     0x8839
 .debug_macro   0x00000000      0x501 LPC1768/main.o
 .debug_macro   0x00000501      0x8bc LPC1768/main.o
 .debug_macro   0x00000dbd       0x10 LPC1768/main.o
 .debug_macro   0x00000dcd       0x10 LPC1768/main.o
 .debug_macro   0x00000ddd       0x9a LPC1768/main.o
 .debug_macro   0x00000e77       0x1c LPC1768/main.o
 .debug_macro   0x00000e93       0x3a LPC1768/main.o
 .debug_macro   0x00000ecd       0x1c LPC1768/main.o
 .debug_macro   0x00000ee9       0x16 LPC1768/main.o
 .debug_macro   0x00000eff       0x44 LPC1768/main.o
 .debug_macro   0x00000f43      0x209 LPC1768/main.o
 .debug_macro   0x0000114c       0x2d LPC1768/main.o
 .debug_macro   0x00001179      0xbb1 LPC1768/main.o
 .debug_macro   0x00001d2a      0x2c7 LPC1768/main.o
 .debug_macro   0x00001ff1       0x10 LPC1768/main.o
 .debug_macro   0x00002001       0x17 LPC1768/main.o
 .debug_macro   0x00002018       0x9a LPC1768/main.o
 .debug_macro   0x000020b2       0x10 LPC1768/main.o
 .debug_macro   0x000020c2       0xef LPC1768/main.o
 .debug_macro   0x000021b1      0x330 LPC1768/main.o
 .debug_macro   0x000024e1      0x174 LPC1768/main.o
 .debug_macro   0x00002655       0x58 LPC1768/main.o
 .debug_macro   0x000026ad       0x35 LPC1768/main.o
 .debug_macro   0x000026e2       0xa3 LPC1768/main.o
 .debug_macro   0x00002785       0x16 LPC1768/main.o
 .debug_macro   0x0000279b       0x35 LPC1768/main.o
 .debug_macro   0x000027d0       0x52 LPC1768/main.o
 .debug_macro   0x00002822       0x16 LPC1768/main.o
 .debug_macro   0x00002838       0x43 LPC1768/main.o
 .debug_macro   0x0000287b      0x180 LPC1768/main.o
 .debug_macro   0x000029fb       0x16 LPC1768/main.o
 .debug_macro   0x00002a11       0x29 LPC1768/main.o
 .debug_macro   0x00002a3a       0xac LPC1768/main.o
 .debug_macro   0x00002ae6       0x1c LPC1768/main.o
 .debug_macro   0x00002b02      0x2aa LPC1768/main.o
 .debug_macro   0x00002dac       0x10 LPC1768/main.o
 .debug_macro   0x00002dbc       0x10 LPC1768/main.o
 .debug_macro   0x00002dcc       0x22 LPC1768/main.o
 .debug_macro   0x00002dee       0xbd LPC1768/main.o
 .debug_macro   0x00002eab       0x16 LPC1768/main.o
 .debug_macro   0x00002ec1      0x16d LPC1768/main.o
 .debug_macro   0x0000302e      0x100 LPC1768/main.o
 .debug_macro   0x0000312e       0x16 LPC1768/main.o
 .debug_macro   0x00003144       0x1f LPC1768/main.o
 .debug_macro   0x00003163       0x8e LPC1768/main.o
 .debug_macro   0x000031f1      0x1da LPC1768/main.o
 .debug_macro   0x000033cb       0x16 LPC1768/main.o
 .debug_macro   0x000033e1       0x10 LPC1768/main.o
 .debug_macro   0x000033f1       0x41 LPC1768/main.o
 .debug_macro   0x00003432       0x3a LPC1768/main.o
 .debug_macro   0x0000346c      0x1cd LPC1768/main.o
 .debug_macro   0x00003639      0x127 LPC1768/main.o
 .debug_macro   0x00003760       0x10 LPC1768/main.o
 .debug_macro   0x00003770       0x7c LPC1768/main.o
 .debug_macro   0x000037ec       0x10 LPC1768/main.o
 .debug_macro   0x000037fc       0x5e LPC1768/main.o
 .debug_macro   0x0000385a       0x2e LPC1768/main.o
 .debug_macro   0x00003888       0x28 LPC1768/main.o
 .debug_macro   0x000038b0      0x177 LPC1768/gcc4mbed.o
 .debug_macro   0x00003a27      0x8aa LPC1768/gcc4mbed.o
 .debug_macro   0x000042d1       0xa3 LPC1768/gcc4mbed.o
 .debug_macro   0x00004374      0x166 LPC1768/gcc4mbed.o
 .debug_macro   0x000044da       0x4a LPC1768/gcc4mbed.o
 .debug_macro   0x00004524       0x43 LPC1768/gcc4mbed.o
 .debug_macro   0x00004567      0x2a3 LPC1768/gcc4mbed.o
 .debug_macro   0x0000480a       0x10 LPC1768/gcc4mbed.o
 .debug_macro   0x0000481a       0x35 LPC1768/gcc4mbed.o
 .debug_macro   0x0000484f       0x10 LPC1768/gcc4mbed.o
 .debug_macro   0x0000485f      0x241 LPC1768/gcc4mbed.o
 .debug_macro   0x00004aa0      0x20f LPC1768/gcc4mbed.o
 .debug_macro   0x00004caf       0x52 LPC1768/gcc4mbed.o
 .debug_macro   0x00004d01      0xbb1 LPC1768/gcc4mbed.o
 .debug_macro   0x000058b2       0xff ../../external/mbed/Release/NXP_LPC17XX/mbed.a(ticker_api.o)
 .debug_macro   0x000059b1      0x8b0 ../../external/mbed/Release/NXP_LPC17XX/mbed.a(ticker_api.o)
 .debug_macro   0x00006261       0x22 ../../external/mbed/Release/NXP_LPC17XX/mbed.a(ticker_api.o)
 .debug_macro   0x00006283       0x1c ../../external/mbed/Release/NXP_LPC17XX/mbed.a(ticker_api.o)
 .debug_macro   0x0000629f      0x1f7 ../../external/mbed/Release/NXP_LPC17XX/mbed.a(ticker_api.o)
 .debug_macro   0x00006496      0x218 ../../external/mbed/Release/NXP_LPC17XX/mbed.a(semihost_api.o)
 .debug_macro   0x000066ae       0x16 ../../external/mbed/Release/NXP_LPC17XX/mbed.a(semihost_api.o)
 .debug_macro   0x000066c4       0x16 ../../external/mbed/Release/NXP_LPC17XX/mbed.a(semihost_api.o)
 .debug_macro   0x000066da       0x58 ../../external/mbed/Release/NXP_LPC17XX/mbed.a(semihost_api.o)
 .debug_macro   0x00006732       0x35 ../../external/mbed/Release/NXP_LPC17XX/mbed.a(semihost_api.o)
 .debug_macro   0x00006767       0x9c ../../external/mbed/Release/NXP_LPC17XX/mbed.a(semihost_api.o)
 .debug_macro   0x00006803      0x29d ../../external/mbed/Release/NXP_LPC17XX/mbed.a(semihost_api.o)
 .debug_macro   0x00006aa0      0x109 ../../external/mbed/Release/NXP_LPC17XX/mbed.a(wait_api.o)
 .debug_macro   0x00006ba9      0x202 ../../external/mbed/Release/NXP_LPC17XX/mbed.a(error.o)
 .debug_macro   0x00006dab      0x10e ../../external/mbed/Release/NXP_LPC17XX/mbed.a(error.o)
 .debug_macro   0x00006eb9       0x7f ../../external/mbed/Release/NXP_LPC17XX/mbed.a(error.o)
 .debug_macro   0x00006f38       0x29 ../../external/mbed/Release/NXP_LPC17XX/mbed.a(error.o)
 .debug_macro   0x00006f61       0x58 ../../external/mbed/Release/NXP_LPC17XX/mbed.a(error.o)
 .debug_macro   0x00006fb9      0x196 ../../external/mbed/Release/NXP_LPC17XX/mbed.a(error.o)
 .debug_macro   0x0000714f      0x112 ../../external/mbed/Release/NXP_LPC17XX/mbed.a(board.o)
 .debug_macro   0x00007261       0xff ../../external/mbed/Release/NXP_LPC17XX/mbed.a(us_ticker_api.o)
 .debug_macro   0x00007360      0x20a ../../external/mbed/Release/NXP_LPC17XX/mbed.a(mbed_interface.o)
 .debug_macro   0x0000756a       0x16 ../../external/mbed/Release/NXP_LPC17XX/mbed.a(mbed_interface.o)
 .debug_macro   0x00007580       0x97 ../../external/mbed/Release/NXP_LPC17XX/mbed.a(mbed_interface.o)
 .debug_macro   0x00007617       0xef ../../external/mbed/Release/NXP_LPC17XX/mbed.a(mbed_interface.o)
 .debug_macro   0x00007706       0x34 ../../external/mbed/Release/NXP_LPC17XX/mbed.a(mbed_interface.o)
 .debug_macro   0x0000773a       0xf6 ../../external/mbed/Release/NXP_LPC17XX/mbed.a(gpio.o)
 .debug_macro   0x00007830       0xc7 ../../external/mbed/Release/NXP_LPC17XX/mbed.a(pinmap_common.o)
 .debug_macro   0x000078f7       0x11 ../../external/mbed/Release/NXP_LPC17XX/mbed.a(pinmap_common.o)
 .debug_macro   0x00007908       0xb0 ../../external/mbed/Release/NXP_LPC17XX/mbed.a(cmsis_nvic.o)
 .debug_macro   0x000079b8      0x13c ../../external/mbed/Release/NXP_LPC17XX/mbed.a(system_LPC17xx.o)
 .debug_macro   0x00007af4      0x100 ../../external/mbed/Release/NXP_LPC17XX/mbed.a(gpio_api.o)
 .debug_macro   0x00007bf4      0x114 ../../external/mbed/Release/NXP_LPC17XX/mbed.a(us_ticker.o)
 .debug_macro   0x00007d08       0xd0 ../../external/mbed/Release/NXP_LPC17XX/mbed.a(pinmap.o)
 .debug_macro   0x00007dd8      0x227 ../../external/mbed/Release/NXP_LPC17XX/mbed.a(serial_api.o)
 .debug_macro   0x00007fff      0x396 ../../external/mbed/Release/NXP_LPC17XX/mbed.a(retarget.o)
 .debug_macro   0x00008395       0x16 ../../external/mbed/Release/NXP_LPC17XX/mbed.a(retarget.o)
 .debug_macro   0x000083ab      0x48e ../../external/mbed/Release/NXP_LPC17XX/mbed.a(retarget.o)

.debug_line     0x00000000     0x9124
 .debug_line    0x00000000      0x9b6 LPC1768/main.o
 .debug_line    0x000009b6      0x36d LPC1768/gcc4mbed.o
 .debug_line    0x00000d23      0x54b ../../external/mbed/Release/NXP_LPC17XX/mbed.a(ticker_api.o)
 .debug_line    0x0000126e      0x6c8 ../../external/mbed/Release/NXP_LPC17XX/mbed.a(semihost_api.o)
 .debug_line    0x00001936      0x496 ../../external/mbed/Release/NXP_LPC17XX/mbed.a(wait_api.o)
 .debug_line    0x00001dcc      0x514 ../../external/mbed/Release/NXP_LPC17XX/mbed.a(error.o)
 .debug_line    0x000022e0      0x507 ../../external/mbed/Release/NXP_LPC17XX/mbed.a(board.o)
 .debug_line    0x000027e7      0x474 ../../external/mbed/Release/NXP_LPC17XX/mbed.a(us_ticker_api.o)
 .debug_line    0x00002c5b      0x62e ../../external/mbed/Release/NXP_LPC17XX/mbed.a(mbed_interface.o)
 .debug_line    0x00003289      0x4f8 ../../external/mbed/Release/NXP_LPC17XX/mbed.a(gpio.o)
 .debug_line    0x00003781      0x43d ../../external/mbed/Release/NXP_LPC17XX/mbed.a(pinmap_common.o)
 .debug_line    0x00003bbe      0x2e4 ../../external/mbed/Release/NXP_LPC17XX/mbed.a(cmsis_nvic.o)
 .debug_line    0x00003ea2      0x326 ../../external/mbed/Release/NXP_LPC17XX/mbed.a(system_LPC17xx.o)
 .debug_line    0x000041c8      0x476 ../../external/mbed/Release/NXP_LPC17XX/mbed.a(gpio_api.o)
 .debug_line    0x0000463e      0x4ae ../../external/mbed/Release/NXP_LPC17XX/mbed.a(us_ticker.o)
 .debug_line    0x00004aec      0x404 ../../external/mbed/Release/NXP_LPC17XX/mbed.a(pinmap.o)
 .debug_line    0x00004ef0      0x884 ../../external/mbed/Release/NXP_LPC17XX/mbed.a(serial_api.o)
 .debug_line    0x00005774      0xb60 ../../external/mbed/Release/NXP_LPC17XX/mbed.a(retarget.o)
 .debug_line    0x000062d4       0xbf ../../external/mbed/Release/NXP_LPC17XX/mbed.a(startup_LPC17xx.o)
 .debug_line    0x00006393      0x140 /usr/lib/gcc/arm-none-eabi/4.8/armv7-m/libgcc.a(_arm_muldivsf3.o)
 .debug_line    0x000064d3       0x7d /usr/lib/gcc/arm-none-eabi/4.8/armv7-m/libgcc.a(_arm_fixsfsi.o)
 .debug_line    0x00006550      0x10f /usr/lib/gcc/arm-none-eabi/4.8/../../../arm-none-eabi/lib/armv7-m/libc_nano.a(lib_a-errno.o)
 .debug_line    0x0000665f      0x172 /usr/lib/gcc/arm-none-eabi/4.8/../../../arm-none-eabi/lib/armv7-m/libc_nano.a(lib_a-exit.o)
 .debug_line    0x000067d1      0x1da /usr/lib/gcc/arm-none-eabi/4.8/../../../arm-none-eabi/lib/armv7-m/libc_nano.a(lib_a-fclose.o)
 .debug_line    0x000069ab      0x24e /usr/lib/gcc/arm-none-eabi/4.8/../../../arm-none-eabi/lib/armv7-m/libc_nano.a(lib_a-fflush.o)
 .debug_line    0x00006bf9      0x2ca /usr/lib/gcc/arm-none-eabi/4.8/../../../arm-none-eabi/lib/armv7-m/libc_nano.a(lib_a-findfp.o)
 .debug_line    0x00006ec3      0x1b1 /usr/lib/gcc/arm-none-eabi/4.8/../../../arm-none-eabi/lib/armv7-m/libc_nano.a(lib_a-fwalk.o)
 .debug_line    0x00007074       0xf5 /usr/lib/gcc/arm-none-eabi/4.8/../../../arm-none-eabi/lib/armv7-m/libc_nano.a(lib_a-impure.o)
 .debug_line    0x00007169       0xb2 /usr/lib/gcc/arm-none-eabi/4.8/../../../arm-none-eabi/lib/armv7-m/libc_nano.a(lib_a-init.o)
 .debug_line    0x0000721b      0x1c1 /usr/lib/gcc/arm-none-eabi/4.8/../../../arm-none-eabi/lib/armv7-m/libc_nano.a(lib_a-makebuf.o)
 .debug_line    0x000073dc      0x10d /usr/lib/gcc/arm-none-eabi/4.8/../../../arm-none-eabi/lib/armv7-m/libc_nano.a(lib_a-memchr-stub.o)
 .debug_line    0x000074e9       0xf6 /usr/lib/gcc/arm-none-eabi/4.8/../../../arm-none-eabi/lib/armv7-m/libc_nano.a(lib_a-memset.o)
 .debug_line    0x000075df      0x14d /usr/lib/gcc/arm-none-eabi/4.8/../../../arm-none-eabi/lib/armv7-m/libc_nano.a(lib_a-nano-freer.o)
 .debug_line    0x0000772c      0x1a5 /usr/lib/gcc/arm-none-eabi/4.8/../../../arm-none-eabi/lib/armv7-m/libc_nano.a(lib_a-nano-mallocr.o)
 .debug_line    0x000078d1      0x2d6 /usr/lib/gcc/arm-none-eabi/4.8/../../../arm-none-eabi/lib/armv7-m/libc_nano.a(lib_a-nano-vfprintf.o)
 .debug_line    0x00007ba7      0x1aa /usr/lib/gcc/arm-none-eabi/4.8/../../../arm-none-eabi/lib/armv7-m/libc_nano.a(lib_a-reent.o)
 .debug_line    0x00007d51      0x16c /usr/lib/gcc/arm-none-eabi/4.8/../../../arm-none-eabi/lib/armv7-m/libc_nano.a(lib_a-sbrkr.o)
 .debug_line    0x00007ebd      0x1dc /usr/lib/gcc/arm-none-eabi/4.8/../../../arm-none-eabi/lib/armv7-m/libc_nano.a(lib_a-stdio.o)
 .debug_line    0x00008099       0x75 /usr/lib/gcc/arm-none-eabi/4.8/../../../arm-none-eabi/lib/armv7-m/libc_nano.a(lib_a-strcmp.o)
 .debug_line    0x0000810e       0xf9 /usr/lib/gcc/arm-none-eabi/4.8/../../../arm-none-eabi/lib/armv7-m/libc_nano.a(lib_a-strlen.o)
 .debug_line    0x00008207      0x1ce /usr/lib/gcc/arm-none-eabi/4.8/../../../arm-none-eabi/lib/armv7-m/libc_nano.a(lib_a-wbuf.o)
 .debug_line    0x000083d5      0x16c /usr/lib/gcc/arm-none-eabi/4.8/../../../arm-none-eabi/lib/armv7-m/libc_nano.a(lib_a-writer.o)
 .debug_line    0x00008541      0x1c7 /usr/lib/gcc/arm-none-eabi/4.8/../../../arm-none-eabi/lib/armv7-m/libc_nano.a(lib_a-wsetup.o)
 .debug_line    0x00008708      0x16d /usr/lib/gcc/arm-none-eabi/4.8/../../../arm-none-eabi/lib/armv7-m/libc_nano.a(lib_a-closer.o)
 .debug_line    0x00008875      0x182 /usr/lib/gcc/arm-none-eabi/4.8/../../../arm-none-eabi/lib/armv7-m/libc_nano.a(lib_a-fstatr.o)
 .debug_line    0x000089f7      0x16e /usr/lib/gcc/arm-none-eabi/4.8/../../../arm-none-eabi/lib/armv7-m/libc_nano.a(lib_a-isattyr.o)
 .debug_line    0x00008b65      0x16c /usr/lib/gcc/arm-none-eabi/4.8/../../../arm-none-eabi/lib/armv7-m/libc_nano.a(lib_a-lseekr.o)
 .debug_line    0x00008cd1      0x2e8 /usr/lib/gcc/arm-none-eabi/4.8/../../../arm-none-eabi/lib/armv7-m/libc_nano.a(lib_a-nano-vfprintf_i.o)
 .debug_line    0x00008fb9      0x16b /usr/lib/gcc/arm-none-eabi/4.8/../../../arm-none-eabi/lib/armv7-m/libc_nano.a(lib_a-readr.o)

.debug_str      0x00000000    0x14c30
 .debug_str     0x00000000     0xfe33 LPC1768/main.o
                              0x10289 (size before relaxing)
 .debug_str     0x0000fe33      0xac7 LPC1768/gcc4mbed.o
                               0xba4a (size before relaxing)
 .debug_str     0x000108fa      0x3a6 ../../external/mbed/Release/NXP_LPC17XX/mbed.a(ticker_api.o)
                               0x9346 (size before relaxing)
 .debug_str     0x00010ca0      0x446 ../../external/mbed/Release/NXP_LPC17XX/mbed.a(semihost_api.o)
                               0xb79d (size before relaxing)
 .debug_str     0x000110e6       0x6a ../../external/mbed/Release/NXP_LPC17XX/mbed.a(wait_api.o)
                               0x8f34 (size before relaxing)
 .debug_str     0x00011150      0x23c ../../external/mbed/Release/NXP_LPC17XX/mbed.a(error.o)
                               0xc598 (size before relaxing)
 .debug_str     0x0001138c       0x53 ../../external/mbed/Release/NXP_LPC17XX/mbed.a(board.o)
                               0x951c (size before relaxing)
 .debug_str     0x000113df       0x7f ../../external/mbed/Release/NXP_LPC17XX/mbed.a(us_ticker_api.o)
                               0x9031 (size before relaxing)
 .debug_str     0x0001145e       0xd9 ../../external/mbed/Release/NXP_LPC17XX/mbed.a(mbed_interface.o)
                               0xc2ac (size before relaxing)
 .debug_str     0x00011537      0x108 ../../external/mbed/Release/NXP_LPC17XX/mbed.a(gpio.o)
                               0x93d5 (size before relaxing)
 .debug_str     0x0001163f       0xcf ../../external/mbed/Release/NXP_LPC17XX/mbed.a(pinmap_common.o)
                               0x8f70 (size before relaxing)
 .debug_str     0x0001170e      0x311 ../../external/mbed/Release/NXP_LPC17XX/mbed.a(cmsis_nvic.o)
                               0x8d61 (size before relaxing)
 .debug_str     0x00011a1f      0x438 ../../external/mbed/Release/NXP_LPC17XX/mbed.a(system_LPC17xx.o)
                               0x8e45 (size before relaxing)
 .debug_str     0x00011e57      0x19c ../../external/mbed/Release/NXP_LPC17XX/mbed.a(gpio_api.o)
                               0x950b (size before relaxing)
 .debug_str     0x00011ff3      0x17a ../../external/mbed/Release/NXP_LPC17XX/mbed.a(us_ticker.o)
                               0x96bd (size before relaxing)
 .debug_str     0x0001216d       0x91 ../../external/mbed/Release/NXP_LPC17XX/mbed.a(pinmap.o)
                               0x8f88 (size before relaxing)
 .debug_str     0x000121fe      0x4ef ../../external/mbed/Release/NXP_LPC17XX/mbed.a(serial_api.o)
                               0xd016 (size before relaxing)
 .debug_str     0x000126ed     0x170e ../../external/mbed/Release/NXP_LPC17XX/mbed.a(retarget.o)
                              0x10a23 (size before relaxing)
 .debug_str     0x00013dfb      0x13d /usr/lib/gcc/arm-none-eabi/4.8/../../../arm-none-eabi/lib/armv7-m/libc_nano.a(lib_a-errno.o)
                                0x518 (size before relaxing)
 .debug_str     0x00013f38       0xad /usr/lib/gcc/arm-none-eabi/4.8/../../../arm-none-eabi/lib/armv7-m/libc_nano.a(lib_a-exit.o)
                                0x539 (size before relaxing)
 .debug_str     0x00013fe5      0x13b /usr/lib/gcc/arm-none-eabi/4.8/../../../arm-none-eabi/lib/armv7-m/libc_nano.a(lib_a-fclose.o)
                                0x5bc (size before relaxing)
 .debug_str     0x00014120       0x55 /usr/lib/gcc/arm-none-eabi/4.8/../../../arm-none-eabi/lib/armv7-m/libc_nano.a(lib_a-fflush.o)
                                0x5cf (size before relaxing)
 .debug_str     0x00014175      0x162 /usr/lib/gcc/arm-none-eabi/4.8/../../../arm-none-eabi/lib/armv7-m/libc_nano.a(lib_a-findfp.o)
                                0x70e (size before relaxing)
 .debug_str     0x000142d7       0x3b /usr/lib/gcc/arm-none-eabi/4.8/../../../arm-none-eabi/lib/armv7-m/libc_nano.a(lib_a-fwalk.o)
                                0x535 (size before relaxing)
 .debug_str     0x00014312       0xa8 /usr/lib/gcc/arm-none-eabi/4.8/../../../arm-none-eabi/lib/armv7-m/libc_nano.a(lib_a-impure.o)
                                0x56f (size before relaxing)
 .debug_str     0x000143ba       0xe6 /usr/lib/gcc/arm-none-eabi/4.8/../../../arm-none-eabi/lib/armv7-m/libc_nano.a(lib_a-init.o)
                                0x226 (size before relaxing)
 .debug_str     0x000144a0       0x59 /usr/lib/gcc/arm-none-eabi/4.8/../../../arm-none-eabi/lib/armv7-m/libc_nano.a(lib_a-makebuf.o)
                                0x632 (size before relaxing)
 .debug_str     0x000144f9       0xb9 /usr/lib/gcc/arm-none-eabi/4.8/../../../arm-none-eabi/lib/armv7-m/libc_nano.a(lib_a-memchr-stub.o)
                                0x1e9 (size before relaxing)
 .debug_str     0x000145b2       0x9e /usr/lib/gcc/arm-none-eabi/4.8/../../../arm-none-eabi/lib/armv7-m/libc_nano.a(lib_a-memset.o)
                                0x1c7 (size before relaxing)
 .debug_str     0x00014650       0x90 /usr/lib/gcc/arm-none-eabi/4.8/../../../arm-none-eabi/lib/armv7-m/libc_nano.a(lib_a-nano-freer.o)
                                0x588 (size before relaxing)
 .debug_str     0x000146e0       0x46 /usr/lib/gcc/arm-none-eabi/4.8/../../../arm-none-eabi/lib/armv7-m/libc_nano.a(lib_a-nano-mallocr.o)
                                0x5bd (size before relaxing)
 .debug_str     0x00014726      0x1cb /usr/lib/gcc/arm-none-eabi/4.8/../../../arm-none-eabi/lib/armv7-m/libc_nano.a(lib_a-nano-vfprintf.o)
                                0x705 (size before relaxing)
 .debug_str     0x000148f1       0x58 /usr/lib/gcc/arm-none-eabi/4.8/../../../arm-none-eabi/lib/armv7-m/libc_nano.a(lib_a-reent.o)
                                0x54f (size before relaxing)
 .debug_str     0x00014949       0x2c /usr/lib/gcc/arm-none-eabi/4.8/../../../arm-none-eabi/lib/armv7-m/libc_nano.a(lib_a-sbrkr.o)
                                0x527 (size before relaxing)
 .debug_str     0x00014975       0x7c /usr/lib/gcc/arm-none-eabi/4.8/../../../arm-none-eabi/lib/armv7-m/libc_nano.a(lib_a-stdio.o)
                                0x58b (size before relaxing)
 .debug_str     0x000149f1       0x3e /usr/lib/gcc/arm-none-eabi/4.8/../../../arm-none-eabi/lib/armv7-m/libc_nano.a(lib_a-strlen.o)
                                0x1dc (size before relaxing)
 .debug_str     0x00014a2f       0x33 /usr/lib/gcc/arm-none-eabi/4.8/../../../arm-none-eabi/lib/armv7-m/libc_nano.a(lib_a-wbuf.o)
                                0x593 (size before relaxing)
 .debug_str     0x00014a62       0x2d /usr/lib/gcc/arm-none-eabi/4.8/../../../arm-none-eabi/lib/armv7-m/libc_nano.a(lib_a-writer.o)
                                0x524 (size before relaxing)
 .debug_str     0x00014a8f       0x2d /usr/lib/gcc/arm-none-eabi/4.8/../../../arm-none-eabi/lib/armv7-m/libc_nano.a(lib_a-wsetup.o)
                                0x58e (size before relaxing)
 .debug_str     0x00014abc       0x2d /usr/lib/gcc/arm-none-eabi/4.8/../../../arm-none-eabi/lib/armv7-m/libc_nano.a(lib_a-closer.o)
                                0x514 (size before relaxing)
 .debug_str     0x00014ae9       0x33 /usr/lib/gcc/arm-none-eabi/4.8/../../../arm-none-eabi/lib/armv7-m/libc_nano.a(lib_a-fstatr.o)
                                0x607 (size before relaxing)